
 Start  Stop   Length Name               Class

 00000H 001A4H 001A5H _TEXT              CODE
 001B0H 030A2H 02EF3H _DATA              DATA
 030B0H 034AFH 00400H STACK              STACK


Detailed map of segments

 0000:0000 01A5 C=CODE   S=_TEXT          G=(none)   M=E:\PROGRAMS\ASSEMBLY\ASS\FAT.ASM ACBP=48
 001B:0000 2EF3 C=DATA   S=_DATA          G=DGROUP  M=E:\PROGRAMS\ASSEMBLY\ASS\FAT.ASM ACBP=48
 001B:2F00 0400 C=STACK  S=STACK          G=DGROUP  M=E:\PROGRAMS\ASSEMBLY\ASS\FAT.ASM ACBP=74

Line numbers for e:\programs\assembly\ass\fat.obj(E:\PROGRAMS\ASSEMBLY\ASS\FAT.ASM) segment _TEXT

    42 0000:00000000    43 0000:00000003    44 0000:00000005    47 0000:00000007
    48 0000:0000000E    50 0000:00000015    51 0000:00000017    52 0000:0000001A
    53 0000:0000001D    54 0000:00000020    55 0000:00000022    56 0000:00000027
    58 0000:00000028    59 0000:0000002B    60 0000:0000002E    62 0000:00000035
    63 0000:00000037    64 0000:0000003A    65 0000:0000003D    66 0000:00000040
    67 0000:00000042    68 0000:00000047    70 0000:00000048    71 0000:0000004B
    72 0000:0000004E    74 0000:00000055    75 0000:0000005C    76 0000:0000005F
    77 0000:00000061    79 0000:00000063    81 0000:00000066    82 0000:00000067
    83 0000:0000006A    86 0000:0000006C    87 0000:0000006F    88 0000:00000072
    89 0000:00000074    90 0000:00000076    91 0000:00000079    92 0000:0000007B
    93 0000:0000007D    97 0000:00000080    98 0000:00000087    99 0000:0000008A
   100 0000:0000008C   101 0000:0000008F   103 0000:00000092   105 0000:00000095
   106 0000:00000097   108 0000:00000099   109 0000:0000009C   110 0000:0000009E
   112 0000:000000A0   113 0000:000000A6   114 0000:000000A8   115 0000:000000B0
   118 0000:000000B2   120 0000:000000B5   121 0000:000000B8   123 0000:000000BB
   124 0000:000000BE   125 0000:000000C0   126 0000:000000C3   127 0000:000000C5
   132 0000:000000C8   133 0000:000000CA   134 0000:000000CC   136 0000:000000CF
   137 0000:000000D1   138 0000:000000D3   139 0000:000000D5   140 0000:000000D7
   141 0000:000000D9   143 0000:000000DB   144 0000:000000DD   145 0000:000000DF
   146 0000:000000E3   147 0000:000000E4   149 0000:000000E5   150 0000:000000E6
   151 0000:000000E9   153 0000:000000EB   154 0000:000000F0   155 0000:000000F2
   158 0000:000000F4   159 0000:000000F9   160 0000:000000FC   161 0000:000000FE
   162 0000:000000FF   163 0000:00000100   166 0000:00000102   167 0000:00000104
   168 0000:00000107   169 0000:0000010A   171 0000:0000010C   172 0000:0000010E
   173 0000:00000110   175 0000:00000111   176 0000:00000112   177 0000:00000113
   179 0000:00000115   180 0000:00000117   181 0000:0000011B   182 0000:0000011E
   183 0000:00000122   185 0000:00000124   187 0000:00000127   188 0000:0000012A
   189 0000:0000012C   190 0000:0000012F   191 0000:00000130   192 0000:00000132
   195 0000:00000134   199 0000:00000135   200 0000:00000137   201 0000:0000013A
   202 0000:0000013C   203 0000:0000013D   204 0000:0000013F   208 0000:00000140
   209 0000:00000141   210 0000:00000142   211 0000:00000143   213 0000:00000144
   214 0000:00000147   216 0000:00000149   217 0000:0000014B   218 0000:0000014D
   219 0000:0000014E   220 0000:0000014F   221 0000:00000152   224 0000:00000154
   225 0000:00000155   226 0000:00000158   227 0000:0000015A   228 0000:0000015D
   230 0000:0000015F   232 0000:00000162   233 0000:00000164   234 0000:00000166
   235 0000:00000167   237 0000:00000169   239 0000:00000170   240 0000:00000171
   241 0000:00000172   242 0000:00000173   244 0000:00000174   250 0000:00000175
   251 0000:0000017C   254 0000:0000017E   255 0000:00000181   256 0000:00000183
   257 0000:0000018A   260 0000:0000018C   261 0000:00000193   262 0000:00000195
   263 0000:00000197   264 0000:0000019B   265 0000:0000019D   268 0000:000001A0
   269 0000:000001A3
Program entry point at 0000:0000

