 head

 Timestamp is 3fef34fb (Mon Dec 29 01:24:35 2003)

 Preferred load address is 00400000

 Start         Length     Name                   Class
 0001:00000000 00000c14H .text                   CODE
 0002:00000000 00000058H .idata$5                DATA
 0002:00000058 00000394H .rdata                  DATA
 0002:000003ec 00000028H .idata$2                DATA
 0002:00000414 00000014H .idata$3                DATA
 0002:00000428 00000058H .idata$4                DATA
 0002:00000480 0000014aH .idata$6                DATA
 0002:000005ca 00000000H .edata                  DATA
 0003:00000000 000001f0H .data                   DATA
 0003:000001f0 00000101H .bss                    DATA

  Address         Publics by Value              Rva+Base     Lib:Object

 0001:00000000       _start                     00401000 f   head.obj
 0001:000001f7       _dlgproc@16                004011f7 f   head.obj
 0001:00000356       _pedlgproc@16              00401356 f   head.obj
 0001:00000464       _optdlgproc@16             00401464 f   head.obj
 0001:00000637       _gendlgproc@16             00401637 f   head.obj
 0001:00000864       _secdlgproc@16             00401864 f   head.obj
 0001:00000a45       _dlgprocabt@16             00401a45 f   head.obj
 0001:00000a8a       _getprog@0                 00401a8a f   head.obj
 0001:00000ac7       _hexit@12                  00401ac7 f   head.obj
 0001:00000b14       _dw2hex@8                  00401b14 f   masm32:DW2HEX.obj
 0001:00000b40       _szCatStr@8                00401b40 f   masm32:SZCATSTR.obj
 0001:00000b64       _StrLen@4                  00401b64 f   masm32:STRLEN.obj
 0001:00000b9c       _wsprintfA                 00401b9c f   user32:user32.dll
 0001:00000ba2       _DialogBoxParamA@20        00401ba2 f   user32:user32.dll
 0001:00000ba8       _EnableWindow@8            00401ba8 f   user32:user32.dll
 0001:00000bae       _EndDialog@8               00401bae f   user32:user32.dll
 0001:00000bb4       _GetDlgItem@8              00401bb4 f   user32:user32.dll
 0001:00000bba       _MessageBoxA@16            00401bba f   user32:user32.dll
 0001:00000bc0       _SendMessageA@16           00401bc0 f   user32:user32.dll
 0001:00000bc6       _SetDlgItemTextA@12        00401bc6 f   user32:user32.dll
 0001:00000bcc       _SetWindowTextA@8          00401bcc f   user32:user32.dll
 0001:00000bd2       _CloseHandle@4             00401bd2 f   kernel32:kernel32.dll
 0001:00000bd8       _CreateFileA@28            00401bd8 f   kernel32:kernel32.dll
 0001:00000bde       _CreateFileMappingA@24     00401bde f   kernel32:kernel32.dll
 0001:00000be4       _ExitProcess@4             00401be4 f   kernel32:kernel32.dll
 0001:00000bea       _GetCommandLineA@0         00401bea f   kernel32:kernel32.dll
 0001:00000bf0       _GetModuleHandleA@4        00401bf0 f   kernel32:kernel32.dll
 0001:00000bf6       _MapViewOfFile@20          00401bf6 f   kernel32:kernel32.dll
 0001:00000bfc       _UnmapViewOfFile@4         00401bfc f   kernel32:kernel32.dll
 0001:00000c02       __lclose@4                 00401c02 f   kernel32:kernel32.dll
 0001:00000c08       __llseek@12                00401c08 f   kernel32:kernel32.dll
 0001:00000c0e       __lread@12                 00401c0e f   kernel32:kernel32.dll
 0002:00000000       __imp__CreateFileA@28      00402000     kernel32:kernel32.dll
 0002:00000004       __imp__CloseHandle@4       00402004     kernel32:kernel32.dll
 0002:00000008       __imp___lread@12           00402008     kernel32:kernel32.dll
 0002:0000000c       __imp___llseek@12          0040200c     kernel32:kernel32.dll
 0002:00000010       __imp___lclose@4           00402010     kernel32:kernel32.dll
 0002:00000014       __imp__UnmapViewOfFile@4   00402014     kernel32:kernel32.dll
 0002:00000018       __imp__GetCommandLineA@0   00402018     kernel32:kernel32.dll
 0002:0000001c       __imp__ExitProcess@4       0040201c     kernel32:kernel32.dll
 0002:00000020       __imp__MapViewOfFile@20    00402020     kernel32:kernel32.dll
 0002:00000024       __imp__CreateFileMappingA@24 00402024     kernel32:kernel32.dll
 0002:00000028       __imp__GetModuleHandleA@4  00402028     kernel32:kernel32.dll
 0002:0000002c       \177kernel32_NULL_THUNK_DATA 0040202c     kernel32:kernel32.dll
 0002:00000030       __imp__SetDlgItemTextA@12  00402030     user32:user32.dll
 0002:00000034       __imp__SetWindowTextA@8    00402034     user32:user32.dll
 0002:00000038       __imp__SendMessageA@16     00402038     user32:user32.dll
 0002:0000003c       __imp__MessageBoxA@16      0040203c     user32:user32.dll
 0002:00000040       __imp__GetDlgItem@8        00402040     user32:user32.dll
 0002:00000044       __imp__EndDialog@8         00402044     user32:user32.dll
 0002:00000048       __imp__EnableWindow@8      00402048     user32:user32.dll
 0002:0000004c       __imp__DialogBoxParamA@20  0040204c     user32:user32.dll
 0002:00000050       __imp__wsprintfA           00402050     user32:user32.dll
 0002:00000054       \177user32_NULL_THUNK_DATA 00402054     user32:user32.dll
 0002:000003ec       __IMPORT_DESCRIPTOR_user32 004023ec     user32:user32.dll
 0002:00000400       __IMPORT_DESCRIPTOR_kernel32 00402400     kernel32:kernel32.dll
 0002:00000414       __NULL_IMPORT_DESCRIPTOR   00402414     user32:user32.dll

 entry point at        0001:00000000

 Static symbols

 0001:00000000       _$$$00001@0                00401000 f   head.obj
 0001:000001b8       @C0010                     004011b8 f   head.obj
 0001:000001b8       @C0011                     004011b8 f   head.obj
 0001:0000003e       @C0001                     0040103e f   head.obj
 0001:000001b8       @C000B                     004011b8 f   head.obj
 0001:00000184       @C000C                     00401184 f   head.obj
 0001:00000077       @C0003                     00401077 f   head.obj
 0001:000001b8       @C0005                     004011b8 f   head.obj
 0001:0000014e       @C000E                     0040114e f   head.obj
 0001:000000ce       @C0006                     004010ce f   head.obj
 0001:00000384       @C002C                     00401384 f   head.obj
 0001:0000039d       @C002D                     0040139d f   head.obj
 0001:000003aa       @C0030                     004013aa f   head.obj
 0001:000003bd       @C002B                     004013bd f   head.obj
 0001:000003c7       @C0029                     004013c7 f   head.obj
 0001:000003e9       @C0035                     004013e9 f   head.obj
 0001:0000040b       @C0038                     0040140b f   head.obj
 0001:0000043a       @C0033                     0040143a f   head.obj
 0001:0000044c       @C003E                     0040144c f   head.obj
 0001:00000458       @C0040                     00401458 f   head.obj
 0001:00000458       @C003D                     00401458 f   head.obj
 0001:00000458       @C0032                     00401458 f   head.obj
 0001:00000458       @C003B                     00401458 f   head.obj
 0001:00000458       @C003A                     00401458 f   head.obj
 0001:00000458       @C0037                     00401458 f   head.obj
 0001:000001b8       @C0008                     004011b8 f   head.obj
 0001:00000123       @C0009                     00401123 f   head.obj
 0001:00000a96       @C00A9                     00401a96 f   head.obj
 0001:00000aa0       @C00A8                     00401aa0 f   head.obj
 0001:00000aa5       @C00AA                     00401aa5 f   head.obj
 0001:00000aab       @C00AE                     00401aab f   head.obj
 0001:00000abe       @C00AD                     00401abe f   head.obj
 0001:00000ac3       @C00AF                     00401ac3 f   head.obj
 0001:00000a66       @C00A0                     00401a66 f   head.obj
 0001:00000a78       @C00A5                     00401a78 f   head.obj
 0001:00000a81       @C00A7                     00401a81 f   head.obj
 0001:00000a81       @C00A4                     00401a81 f   head.obj
 0001:00000a81       @C00A2                     00401a81 f   head.obj
 0001:000006d0       @C0068                     004016d0 f   head.obj
 0001:000006fd       @C006B                     004016fd f   head.obj
 0001:00000723       @C006A                     00401723 f   head.obj
 0001:0000072d       @C0066                     0040172d f   head.obj
 0001:00000756       @C0070                     00401756 f   head.obj
 0001:0000077b       @C0073                     0040177b f   head.obj
 0001:000007ad       @C0076                     004017ad f   head.obj
 0001:000007dc       @C0079                     004017dc f   head.obj
 0001:0000080b       @C007C                     0040180b f   head.obj
 0001:0000083a       @C006E                     0040183a f   head.obj
 0001:0000084c       @C0082                     0040184c f   head.obj
 0001:00000858       @C0084                     00401858 f   head.obj
 0001:00000858       @C0081                     00401858 f   head.obj
 0001:00000858       @C006D                     00401858 f   head.obj
 0001:00000858       @C007F                     00401858 f   head.obj
 0001:00000858       @C007E                     00401858 f   head.obj
 0001:00000858       @C007B                     00401858 f   head.obj
 0001:00000858       @C0078                     00401858 f   head.obj
 0001:00000858       @C0075                     00401858 f   head.obj
 0001:00000858       @C0072                     00401858 f   head.obj
 0001:000008f1       @C0088                     004018f1 f   head.obj
 0001:00000920       @C008A                     00401920 f   head.obj
 0001:00000931       @C008C                     00401931 f   head.obj
 0001:00000945       @C008B                     00401945 f   head.obj
 0001:00000957       @C008E                     00401957 f   head.obj
 0001:0000096a       @C0089                     0040196a f   head.obj
 0001:00000995       @C0087                     00401995 f   head.obj
 0001:000009a8       @C0085                     004019a8 f   head.obj
 0001:000009ca       @C0094                     004019ca f   head.obj
 0001:000009ec       @C0097                     004019ec f   head.obj
 0001:00000a1b       @C0092                     00401a1b f   head.obj
 0001:00000a2d       @C009D                     00401a2d f   head.obj
 0001:00000a39       @C009F                     00401a39 f   head.obj
 0001:00000a39       @C009C                     00401a39 f   head.obj
 0001:00000a39       @C0091                     00401a39 f   head.obj
 0001:00000a39       @C009A                     00401a39 f   head.obj
 0001:00000a39       @C0099                     00401a39 f   head.obj
 0001:00000a39       @C0096                     00401a39 f   head.obj
 0001:000004b8       @C0044                     004014b8 f   head.obj
 0001:000004d0       @C0043                     004014d0 f   head.obj
 0001:000004f6       @C0047                     004014f6 f   head.obj
 0001:00000501       @C004B                     00401501 f   head.obj
 0001:00000511       @C004A                     00401511 f   head.obj
 0001:00000519       @C0049                     00401519 f   head.obj
 0001:0000052d       @C0048                     0040152d f   head.obj
 0001:0000053f       @C0051                     0040153f f   head.obj
 0001:0000054f       @C0050                     0040154f f   head.obj
 0001:00000563       @C004F                     00401563 f   head.obj
 0001:00000575       @C0055                     00401575 f   head.obj
 0001:00000575       @C004E                     00401575 f   head.obj
 0001:00000588       @C0046                     00401588 f   head.obj
 0001:00000599       @C0041                     00401599 f   head.obj
 0001:000005bb       @C005A                     004015bb f   head.obj
 0001:000005dd       @C005D                     004015dd f   head.obj
 0001:0000060d       @C0058                     0040160d f   head.obj
 0001:0000061f       @C0063                     0040161f f   head.obj
 0001:0000062b       @C0065                     0040162b f   head.obj
 0001:0000062b       @C0062                     0040162b f   head.obj
 0001:0000062b       @C0057                     0040162b f   head.obj
 0001:0000062b       @C0060                     0040162b f   head.obj
 0001:0000062b       @C005F                     0040162b f   head.obj
 0001:0000062b       @C005C                     0040162b f   head.obj
 0001:0000022d       @C0015                     0040122d f   head.obj
 0001:0000024d       @C0014                     0040124d f   head.obj
 0001:000002a1       @C0017                     004012a1 f   head.obj
 0001:000002b8       @C0012                     004012b8 f   head.obj
 0001:000002da       @C001D                     004012da f   head.obj
 0001:000002fc       @C0020                     004012fc f   head.obj
 0001:0000032c       @C001B                     0040132c f   head.obj
 0001:0000033e       @C0026                     0040133e f   head.obj
 0001:0000034a       @C0028                     0040134a f   head.obj
 0001:0000034a       @C0025                     0040134a f   head.obj
 0001:0000034a       @C001A                     0040134a f   head.obj
 0001:0000034a       @C0019                     0040134a f   head.obj
 0001:0000034a       @C0023                     0040134a f   head.obj
 0001:0000034a       @C0022                     0040134a f   head.obj
 0001:0000034a       @C001F                     0040134a f   head.obj
 0001:00000ae0       @C00B3                     00401ae0 f   head.obj
 0001:00000ae6       @C00B2                     00401ae6 f   head.obj
 0001:00000aef       @C00B6                     00401aef f   head.obj
 0001:00000afd       @C00B7                     00401afd f   head.obj
 0001:00000b01       @C00B9                     00401b01 f   head.obj
 0001:00000b05       @C00B5                     00401b05 f   head.obj

Line numbers for H:\programs\WIN32ASM\header\head.obj(H:\programs\WIN32ASM\header\head.asm) segment .text

   165 0001:00000000   166 0001:00000007   167 0001:0000000c   168 0001:00000011
   169 0001:00000016   170 0001:0000001b   171 0001:00000024   172 0001:00000037
   174 0001:0000003e   175 0001:0000005a   176 0001:0000005f   177 0001:00000072
   178 0001:00000077   180 0001:0000007c   181 0001:00000091   182 0001:00000095
   183 0001:000000b6   184 0001:000000c9   185 0001:000000ce   186 0001:000000d3
   187 0001:000000e6   188 0001:000000ea   189 0001:000000fd   190 0001:0000011e
   191 0001:00000123   193 0001:00000128   195 0001:0000012e   196 0001:00000135
   197 0001:00000137   198 0001:0000013b   200 0001:0000013d   202 0001:00000145
   203 0001:0000014c   204 0001:0000014e   206 0001:00000161   208 0001:00000182
   209 0001:00000184   211 0001:00000197   221 0001:000001b8   222 0001:000001bd
   223 0001:000001cc   224 0001:000001e5   225 0001:000001f0   231 0001:000001f7
   233 0001:00000200   234 0001:0000020d   237 0001:00000211   241 0001:00000217
   242 0001:00000224   243 0001:00000226   244 0001:0000022b   245 0001:0000022d
   246 0001:0000023c   247 0001:0000024a   248 0001:0000024b   249 0001:0000024c
   250 0001:0000024d   251 0001:00000255   252 0001:0000025b   253 0001:0000025e
   257 0001:00000264   259 0001:00000270   260 0001:00000278   261 0001:0000028a
   262 0001:00000294   263 0001:0000029c   264 0001:000002a1   267 0001:000002b3
   268 0001:000002c1   269 0001:000002c4   270 0001:000002ca   272 0001:000002d8
   273 0001:000002e0   274 0001:000002fa   275 0001:00000302   276 0001:00000310
   278 0001:0000032a   279 0001:00000332   280 0001:0000033c   281 0001:0000033e
   282 0001:00000343   284 0001:0000034a   285 0001:0000034f   291 0001:00000356
   292 0001:0000035c   300 0001:00000365   302 0001:0000036b   304 0001:0000036e
   307 0001:0000037b   308 0001:0000037d   309 0001:00000382   310 0001:00000384
   311 0001:0000038e   312 0001:0000039b   313 0001:0000039d   315 0001:000003aa
   316 0001:000003b8   317 0001:000003bb   318 0001:000003bc   319 0001:000003bd
   321 0001:000003c2   322 0001:000003d0   323 0001:000003d3   324 0001:000003d9
   325 0001:000003e7   326 0001:000003ef   327 0001:00000409   328 0001:00000411
   329 0001:0000041f   331 0001:00000438   332 0001:00000440   333 0001:0000044a
   334 0001:0000044c   335 0001:00000451   337 0001:00000458   338 0001:0000045d
   344 0001:00000464   346 0001:0000046d   347 0001:0000047a   348 0001:0000048d
   350 0001:000004a2   351 0001:000004ac   353 0001:000004af   354 0001:000004b1
   355 0001:000004b6   356 0001:000004b8   357 0001:000004b9   358 0001:000004ba
   359 0001:000004ca   360 0001:000004cb   361 0001:000004cc   362 0001:000004cf
   363 0001:000004d0   366 0001:000004d5   367 0001:000004e2   368 0001:000004e4
   369 0001:000004ea   370 0001:000004ec   371 0001:000004f1   372 0001:000004f6
   373 0001:000004f7   374 0001:00000519   375 0001:0000052b   376 0001:0000054f
   377 0001:00000561   378 0001:00000563   380 0001:00000575   381 0001:00000583
   382 0001:00000584   383 0001:00000586   384 0001:00000587   385 0001:00000588
   387 0001:00000594   388 0001:000005a2   389 0001:000005a5   390 0001:000005ab
   391 0001:000005b9   392 0001:000005c1   393 0001:000005db   394 0001:000005e3
   395 0001:000005f1   397 0001:0000060b   398 0001:00000613   399 0001:0000061d
   400 0001:0000061f   401 0001:00000624   403 0001:0000062b   404 0001:00000630
   409 0001:00000637   410 0001:0000063d   411 0001:0000064a   412 0001:00000657
   413 0001:00000666   417 0001:00000678   418 0001:0000068b   419 0001:0000069d
   420 0001:000006a9   421 0001:000006b7   427 0001:000006d0   428 0001:000006d5
   429 0001:000006da   430 0001:000006dd   431 0001:000006e2   432 0001:000006e5
   433 0001:000006ea   434 0001:000006ef   438 0001:000006f4   439 0001:000006f6
   440 0001:000006fb   441 0001:000006fd   442 0001:000006fe   443 0001:00000710
   444 0001:0000071e   445 0001:0000071f   446 0001:00000722   447 0001:00000723
   449 0001:00000728   450 0001:0000073a   451 0001:0000073d   452 0001:00000743
   453 0001:00000751   454 0001:0000075c   455 0001:00000776   456 0001:00000781
   457 0001:0000078f   458 0001:000007a8   459 0001:000007b3   460 0001:000007c1
   461 0001:000007da   462 0001:000007e2   463 0001:000007f0   464 0001:00000809
   465 0001:00000811   466 0001:0000081f   469 0001:00000838   470 0001:00000840
   471 0001:0000084a   472 0001:0000084c   473 0001:00000851   475 0001:00000858
   476 0001:0000085d   481 0001:00000864   482 0001:0000086a   483 0001:00000877
   484 0001:00000884   485 0001:00000889   486 0001:0000088c   487 0001:0000089a
   491 0001:000008ac   492 0001:000008bf   493 0001:000008c4   494 0001:000008ce
   495 0001:000008d8   496 0001:000008e2   498 0001:000008ec   499 0001:000008f1
   500 0001:00000903   502 0001:00000916   503 0001:0000091c   504 0001:0000091e
   505 0001:00000920   506 0001:00000921   507 0001:00000931   508 0001:00000943
   509 0001:00000945   511 0001:00000957   512 0001:00000965   513 0001:00000966
   514 0001:00000968   515 0001:00000969   516 0001:0000096a   517 0001:00000972
   518 0001:00000979   519 0001:00000980   520 0001:00000987   521 0001:0000098e
   522 0001:00000995   524 0001:000009a3   525 0001:000009b1   526 0001:000009b4
   527 0001:000009ba   528 0001:000009c8   529 0001:000009d0   530 0001:000009ea
   531 0001:000009f2   532 0001:00000a00   534 0001:00000a19   535 0001:00000a21
   536 0001:00000a2b   537 0001:00000a2d   538 0001:00000a32   540 0001:00000a39
   541 0001:00000a3e   547 0001:00000a45   548 0001:00000a48   549 0001:00000a51
   550 0001:00000a54   551 0001:00000a5a   553 0001:00000a64   554 0001:00000a6c
   555 0001:00000a76   556 0001:00000a78   557 0001:00000a7d   559 0001:00000a81
   560 0001:00000a86   566 0001:00000a8a   567 0001:00000a8d   568 0001:00000a8f
   569 0001:00000a94   570 0001:00000a96   571 0001:00000a9e   572 0001:00000a9f
   573 0001:00000aa0   575 0001:00000aa5   576 0001:00000aa7   577 0001:00000aa9
   578 0001:00000aab   579 0001:00000ab3   580 0001:00000ab4   581 0001:00000ab6
   582 0001:00000abc   583 0001:00000abd   584 0001:00000abe   586 0001:00000ac3
   592 0001:00000ac7   593 0001:00000acd   594 0001:00000ad0   595 0001:00000ad3
   596 0001:00000ad5   597 0001:00000ad7   598 0001:00000ad9   599 0001:00000adb
   600 0001:00000ade   601 0001:00000ae0   602 0001:00000ae2   603 0001:00000ae4
   604 0001:00000ae5   605 0001:00000ae6   607 0001:00000aeb   609 0001:00000aed
   610 0001:00000aef   611 0001:00000af0   612 0001:00000af1   613 0001:00000af7
   614 0001:00000afb   615 0001:00000afd   618 0001:00000b01   619 0001:00000b04
   620 0001:00000b05   621 0001:00000b09   622 0001:00000b0d
