 header

 Timestamp is 3ff2b731 (Wed Dec 31 17:16:57 2003)

 Preferred load address is 00400000

 Start         Length     Name                   Class
 0001:00000000 00000a66H .text                   CODE
 0002:00000000 00000044H .idata$5                DATA
 0002:00000044 000002a7H .rdata                  DATA
 0002:000002ec 00000028H .idata$2                DATA
 0002:00000314 00000014H .idata$3                DATA
 0002:00000328 00000044H .idata$4                DATA
 0002:0000036c 0000010cH .idata$6                DATA
 0002:00000478 00000000H .edata                  DATA
 0003:00000000 000000b0H .data                   DATA
 0003:000000b0 0000004bH .bss                    DATA
 0004:00000000 00000348H .rsrc$01                DATA
 0004:00000350 00004180H .rsrc$02                DATA

  Address         Publics by Value              Rva+Base     Lib:Object

 0001:00000000       _start                     00401000 f   header.obj
 0001:000000df       _dlgproc@16                004010df f   header.obj
 0001:00000235       _pedlgproc@16              00401235 f   header.obj
 0001:0000034e       _optdlgproc@16             0040134e f   header.obj
 0001:000004fa       _gendlgproc@16             004014fa f   header.obj
 0001:00000709       _secdlgproc@16             00401709 f   header.obj
 0001:000008b7       _dlgprocabt@16             004018b7 f   header.obj
 0001:000008fc       _getprog@0                 004018fc f   header.obj
 0001:00000939       _hexit@12                  00401939 f   header.obj
 0001:00000984       _dw2hex@8                  00401984 f   masm32:DW2HEX.obj
 0001:000009b0       _szCatStr@8                004019b0 f   masm32:SZCATSTR.obj
 0001:000009d4       _StrLen@4                  004019d4 f   masm32:STRLEN.obj
 0001:00000a0c       _wsprintfA                 00401a0c f   user32:user32.dll
 0001:00000a12       _DialogBoxParamA@20        00401a12 f   user32:user32.dll
 0001:00000a18       _EnableWindow@8            00401a18 f   user32:user32.dll
 0001:00000a1e       _EndDialog@8               00401a1e f   user32:user32.dll
 0001:00000a24       _GetDlgItem@8              00401a24 f   user32:user32.dll
 0001:00000a2a       _MessageBoxA@16            00401a2a f   user32:user32.dll
 0001:00000a30       _SendMessageA@16           00401a30 f   user32:user32.dll
 0001:00000a36       _SetDlgItemTextA@12        00401a36 f   user32:user32.dll
 0001:00000a3c       _SetWindowTextA@8          00401a3c f   user32:user32.dll
 0001:00000a42       _CreateFileA@28            00401a42 f   kernel32:kernel32.dll
 0001:00000a48       _CreateFileMappingA@24     00401a48 f   kernel32:kernel32.dll
 0001:00000a4e       _ExitProcess@4             00401a4e f   kernel32:kernel32.dll
 0001:00000a54       _GetCommandLineA@0         00401a54 f   kernel32:kernel32.dll
 0001:00000a5a       _GetModuleHandleA@4        00401a5a f   kernel32:kernel32.dll
 0001:00000a60       _MapViewOfFile@20          00401a60 f   kernel32:kernel32.dll
 0002:00000000       __imp__MapViewOfFile@20    00402000     kernel32:kernel32.dll
 0002:00000004       __imp__GetModuleHandleA@4  00402004     kernel32:kernel32.dll
 0002:00000008       __imp__CreateFileA@28      00402008     kernel32:kernel32.dll
 0002:0000000c       __imp__GetCommandLineA@0   0040200c     kernel32:kernel32.dll
 0002:00000010       __imp__ExitProcess@4       00402010     kernel32:kernel32.dll
 0002:00000014       __imp__CreateFileMappingA@24 00402014     kernel32:kernel32.dll
 0002:00000018       \177kernel32_NULL_THUNK_DATA 00402018     kernel32:kernel32.dll
 0002:0000001c       __imp__SendMessageA@16     0040201c     user32:user32.dll
 0002:00000020       __imp__MessageBoxA@16      00402020     user32:user32.dll
 0002:00000024       __imp__GetDlgItem@8        00402024     user32:user32.dll
 0002:00000028       __imp__DialogBoxParamA@20  00402028     user32:user32.dll
 0002:0000002c       __imp__EndDialog@8         0040202c     user32:user32.dll
 0002:00000030       __imp__EnableWindow@8      00402030     user32:user32.dll
 0002:00000034       __imp__SetDlgItemTextA@12  00402034     user32:user32.dll
 0002:00000038       __imp__wsprintfA           00402038     user32:user32.dll
 0002:0000003c       __imp__SetWindowTextA@8    0040203c     user32:user32.dll
 0002:00000040       \177user32_NULL_THUNK_DATA 00402040     user32:user32.dll
 0002:000002ec       __IMPORT_DESCRIPTOR_user32 004022ec     user32:user32.dll
 0002:00000300       __IMPORT_DESCRIPTOR_kernel32 00402300     kernel32:kernel32.dll
 0002:00000314       __NULL_IMPORT_DESCRIPTOR   00402314     user32:user32.dll

 entry point at        0001:00000000

 Static symbols

 0001:00000000       _$$$00001@0                00401000 f   header.obj
 0001:0000003e       @C0001                     0040103e f   header.obj
 0001:00000079       @C0003                     00401079 f   header.obj
 0001:00000266       @C001F                     00401266 f   header.obj
 0001:00000281       @C0020                     00401281 f   header.obj
 0001:0000028f       @C0023                     0040128f f   header.obj
 0001:000002a7       @C001E                     004012a7 f   header.obj
 0001:000002b1       @C001C                     004012b1 f   header.obj
 0001:000002d3       @C0028                     004012d3 f   header.obj
 0001:000002f5       @C002B                     004012f5 f   header.obj
 0001:00000324       @C0026                     00401324 f   header.obj
 0001:00000336       @C0031                     00401336 f   header.obj
 0001:00000342       @C0033                     00401342 f   header.obj
 0001:00000342       @C0030                     00401342 f   header.obj
 0001:00000342       @C0025                     00401342 f   header.obj
 0001:00000342       @C002E                     00401342 f   header.obj
 0001:00000342       @C002D                     00401342 f   header.obj
 0001:00000342       @C002A                     00401342 f   header.obj
 0001:00000908       @C009C                     00401908 f   header.obj
 0001:00000912       @C009B                     00401912 f   header.obj
 0001:00000917       @C009D                     00401917 f   header.obj
 0001:0000091d       @C00A1                     0040191d f   header.obj
 0001:00000930       @C00A0                     00401930 f   header.obj
 0001:00000935       @C00A2                     00401935 f   header.obj
 0001:000008d8       @C0093                     004018d8 f   header.obj
 0001:000008ea       @C0098                     004018ea f   header.obj
 0001:000008f3       @C009A                     004018f3 f   header.obj
 0001:000008f3       @C0097                     004018f3 f   header.obj
 0001:000008f3       @C0095                     004018f3 f   header.obj
 0001:00000558       @C005B                     00401558 f   header.obj
 0001:000005a2       @C005E                     004015a2 f   header.obj
 0001:000005c8       @C005D                     004015c8 f   header.obj
 0001:000005d2       @C0059                     004015d2 f   header.obj
 0001:000005fb       @C0063                     004015fb f   header.obj
 0001:00000620       @C0066                     00401620 f   header.obj
 0001:00000652       @C0069                     00401652 f   header.obj
 0001:00000681       @C006C                     00401681 f   header.obj
 0001:000006b0       @C006F                     004016b0 f   header.obj
 0001:000006df       @C0061                     004016df f   header.obj
 0001:000006f1       @C0075                     004016f1 f   header.obj
 0001:000006fd       @C0077                     004016fd f   header.obj
 0001:000006fd       @C0074                     004016fd f   header.obj
 0001:000006fd       @C0060                     004016fd f   header.obj
 0001:000006fd       @C0072                     004016fd f   header.obj
 0001:000006fd       @C0071                     004016fd f   header.obj
 0001:000006fd       @C006E                     004016fd f   header.obj
 0001:000006fd       @C006B                     004016fd f   header.obj
 0001:000006fd       @C0068                     004016fd f   header.obj
 0001:000006fd       @C0065                     004016fd f   header.obj
 0001:00000778       @C007B                     00401778 f   header.obj
 0001:00000795       @C007D                     00401795 f   header.obj
 0001:000007a6       @C007F                     004017a6 f   header.obj
 0001:000007b6       @C007E                     004017b6 f   header.obj
 0001:000007c4       @C0081                     004017c4 f   header.obj
 0001:000007dc       @C007C                     004017dc f   header.obj
 0001:00000807       @C007A                     00401807 f   header.obj
 0001:0000081a       @C0078                     0040181a f   header.obj
 0001:0000083c       @C0087                     0040183c f   header.obj
 0001:0000085e       @C008A                     0040185e f   header.obj
 0001:0000088d       @C0085                     0040188d f   header.obj
 0001:0000089f       @C0090                     0040189f f   header.obj
 0001:000008ab       @C0092                     004018ab f   header.obj
 0001:000008ab       @C008F                     004018ab f   header.obj
 0001:000008ab       @C0084                     004018ab f   header.obj
 0001:000008ab       @C008D                     004018ab f   header.obj
 0001:000008ab       @C008C                     004018ab f   header.obj
 0001:000008ab       @C0089                     004018ab f   header.obj
 0001:0000037a       @C0037                     0040137a f   header.obj
 0001:00000392       @C0036                     00401392 f   header.obj
 0001:000003c0       @C003A                     004013c0 f   header.obj
 0001:000003cb       @C003E                     004013cb f   header.obj
 0001:000003db       @C003D                     004013db f   header.obj
 0001:000003e3       @C003C                     004013e3 f   header.obj
 0001:000003f3       @C003B                     004013f3 f   header.obj
 0001:00000405       @C0044                     00401405 f   header.obj
 0001:00000415       @C0043                     00401415 f   header.obj
 0001:00000425       @C0042                     00401425 f   header.obj
 0001:00000433       @C0048                     00401433 f   header.obj
 0001:00000433       @C0041                     00401433 f   header.obj
 0001:0000044b       @C0039                     0040144b f   header.obj
 0001:0000045c       @C0034                     0040145c f   header.obj
 0001:0000047e       @C004D                     0040147e f   header.obj
 0001:000004a0       @C0050                     004014a0 f   header.obj
 0001:000004d0       @C004B                     004014d0 f   header.obj
 0001:000004e2       @C0056                     004014e2 f   header.obj
 0001:000004ee       @C0058                     004014ee f   header.obj
 0001:000004ee       @C0055                     004014ee f   header.obj
 0001:000004ee       @C004A                     004014ee f   header.obj
 0001:000004ee       @C0053                     004014ee f   header.obj
 0001:000004ee       @C0052                     004014ee f   header.obj
 0001:000004ee       @C004F                     004014ee f   header.obj
 0001:0000010c       @C0008                     0040110c f   header.obj
 0001:0000012e       @C0007                     0040112e f   header.obj
 0001:00000180       @C000A                     00401180 f   header.obj
 0001:00000197       @C0005                     00401197 f   header.obj
 0001:000001b9       @C0010                     004011b9 f   header.obj
 0001:000001db       @C0013                     004011db f   header.obj
 0001:0000020b       @C000E                     0040120b f   header.obj
 0001:0000021d       @C0019                     0040121d f   header.obj
 0001:00000229       @C001B                     00401229 f   header.obj
 0001:00000229       @C0018                     00401229 f   header.obj
 0001:00000229       @C000D                     00401229 f   header.obj
 0001:00000229       @C000C                     00401229 f   header.obj
 0001:00000229       @C0016                     00401229 f   header.obj
 0001:00000229       @C0015                     00401229 f   header.obj
 0001:00000229       @C0012                     00401229 f   header.obj
 0001:0000094e       @C00A6                     0040194e f   header.obj
 0001:00000954       @C00A5                     00401954 f   header.obj
 0001:0000095d       @C00A9                     0040195d f   header.obj
 0001:0000096b       @C00AA                     0040196b f   header.obj
 0001:0000096f       @C00AC                     0040196f f   header.obj
 0001:00000973       @C00A8                     00401973 f   header.obj

Line numbers for H:\programs\WIN32ASM\header\header.obj(H:\programs\WIN32ASM\header\header.asm) segment .text

   122 0001:00000000   123 0001:00000007   124 0001:0000000c   125 0001:00000011
   126 0001:00000016   127 0001:0000001b   128 0001:00000024   129 0001:00000037
   131 0001:0000003e   132 0001:0000005a   133 0001:0000005f   134 0001:00000072
   137 0001:00000079   138 0001:0000007e   139 0001:00000093   140 0001:00000098
   141 0001:000000ab   143 0001:000000b0   144 0001:000000bf   145 0001:000000d8
   151 0001:000000df   152 0001:000000e5   153 0001:000000f2   154 0001:000000ff
   155 0001:00000104   157 0001:0000010a   158 0001:0000010c   159 0001:0000010d
   160 0001:0000011b   161 0001:00000129   162 0001:0000012a   163 0001:0000012d
   165 0001:0000012e   171 0001:00000136   173 0001:0000013c   174 0001:0000013d
   175 0001:00000143   176 0001:0000014e   178 0001:0000014f   179 0001:00000157
   180 0001:00000169   181 0001:00000173   182 0001:0000017b   183 0001:00000180
   186 0001:00000192   187 0001:000001a0   188 0001:000001a3   189 0001:000001a9
   190 0001:000001b7   191 0001:000001bf   192 0001:000001d9   193 0001:000001e1
   194 0001:000001ef   196 0001:00000209   197 0001:00000211   198 0001:0000021b
   199 0001:0000021d   200 0001:00000222   202 0001:00000229   203 0001:0000022e
   208 0001:00000235   209 0001:0000023b   210 0001:00000244   211 0001:00000251
   212 0001:00000257   213 0001:0000025a   214 0001:0000025f   215 0001:00000264
   216 0001:00000266   217 0001:00000267   218 0001:00000271   219 0001:0000027f
   220 0001:00000281   222 0001:0000028f   223 0001:0000029d   224 0001:0000029e
   225 0001:000002a0   226 0001:000002a2   227 0001:000002a5   228 0001:000002a6
   229 0001:000002a7   231 0001:000002ac   232 0001:000002ba   233 0001:000002bd
   234 0001:000002c3   235 0001:000002d1   236 0001:000002d9   237 0001:000002f3
   238 0001:000002fb   239 0001:00000309   241 0001:00000322   242 0001:0000032a
   243 0001:00000334   244 0001:00000336   245 0001:0000033b   247 0001:00000342
   248 0001:00000347   254 0001:0000034e   256 0001:00000357   257 0001:00000364
   258 0001:0000036e   259 0001:00000371   260 0001:00000373   261 0001:00000378
   262 0001:0000037a   263 0001:0000037b   264 0001:0000037c   265 0001:0000038c
   266 0001:0000038d   267 0001:0000038e   268 0001:00000391   269 0001:00000392
   271 0001:00000397   272 0001:000003a4   274 0001:000003aa   275 0001:000003ad
   277 0001:000003b0   278 0001:000003b6   279 0001:000003bb   280 0001:000003c0
   281 0001:000003c1   282 0001:000003e3   283 0001:000003f1   284 0001:00000415
   285 0001:00000423   286 0001:00000425   288 0001:00000433   289 0001:00000441
   290 0001:00000442   291 0001:00000444   292 0001:00000446   293 0001:00000449
   294 0001:0000044a   295 0001:0000044b   297 0001:00000457   298 0001:00000465
   299 0001:00000468   300 0001:0000046e   301 0001:0000047c   302 0001:00000484
   303 0001:0000049e   304 0001:000004a6   305 0001:000004b4   307 0001:000004ce
   308 0001:000004d6   309 0001:000004e0   310 0001:000004e2   311 0001:000004e7
   313 0001:000004ee   314 0001:000004f3   319 0001:000004fa   320 0001:00000500
   321 0001:0000050d   323 0001:0000051a   328 0001:00000520   329 0001:00000523
   331 0001:00000529   332 0001:00000531   333 0001:0000053f   338 0001:00000558
   341 0001:0000055e   342 0001:00000560   343 0001:00000566   345 0001:0000056c
   346 0001:0000056f   347 0001:00000575   348 0001:0000057b   349 0001:0000057e
   350 0001:00000584   351 0001:00000587   352 0001:0000058d   353 0001:00000593
   356 0001:00000599   357 0001:0000059b   358 0001:000005a0   359 0001:000005a2
   360 0001:000005a3   361 0001:000005b5   362 0001:000005c3   363 0001:000005c4
   364 0001:000005c7   365 0001:000005c8   367 0001:000005cd   368 0001:000005df
   369 0001:000005e2   370 0001:000005e8   371 0001:000005f6   372 0001:00000601
   373 0001:0000061b   374 0001:00000626   375 0001:00000634   376 0001:0000064d
   377 0001:00000658   378 0001:00000666   379 0001:0000067f   380 0001:00000687
   381 0001:00000695   382 0001:000006ae   383 0001:000006b6   384 0001:000006c4
   387 0001:000006dd   388 0001:000006e5   389 0001:000006ef   390 0001:000006f1
   391 0001:000006f6   393 0001:000006fd   394 0001:00000702   399 0001:00000709
   400 0001:0000070f   401 0001:0000071c   402 0001:00000729   403 0001:0000072f
   405 0001:00000732   406 0001:00000736   407 0001:0000073d   408 0001:00000740
   409 0001:00000746   410 0001:00000750   411 0001:0000075a   412 0001:00000764
   413 0001:0000076e   415 0001:00000773   416 0001:00000778   417 0001:00000779
   418 0001:00000788   419 0001:00000789   420 0001:0000078c   421 0001:00000792
   422 0001:00000793   423 0001:00000795   424 0001:00000796   425 0001:000007a6
   426 0001:000007b4   427 0001:000007b6   429 0001:000007c4   430 0001:000007d2
   431 0001:000007d3   432 0001:000007d5   433 0001:000007d7   434 0001:000007da
   435 0001:000007db   436 0001:000007dc   437 0001:000007e4   438 0001:000007eb
   439 0001:000007f2   440 0001:000007f9   441 0001:00000800   442 0001:00000807
   444 0001:00000815   445 0001:00000823   446 0001:00000826   447 0001:0000082c
   448 0001:0000083a   449 0001:00000842   450 0001:0000085c   451 0001:00000864
   452 0001:00000872   454 0001:0000088b   455 0001:00000893   456 0001:0000089d
   457 0001:0000089f   458 0001:000008a4   460 0001:000008ab   461 0001:000008b0
   466 0001:000008b7   467 0001:000008ba   468 0001:000008c3   469 0001:000008c6
   470 0001:000008cc   472 0001:000008d6   473 0001:000008de   474 0001:000008e8
   475 0001:000008ea   476 0001:000008ef   478 0001:000008f3   479 0001:000008f8
   484 0001:000008fc   485 0001:000008ff   486 0001:00000901   487 0001:00000906
   488 0001:00000908   489 0001:00000910   490 0001:00000911   491 0001:00000912
   493 0001:00000917   494 0001:00000919   495 0001:0000091b   496 0001:0000091d
   497 0001:00000925   498 0001:00000926   499 0001:00000928   500 0001:0000092e
   501 0001:0000092f   502 0001:00000930   504 0001:00000935   510 0001:00000939
   511 0001:00000940   512 0001:00000943   513 0001:00000945   514 0001:00000947
   515 0001:00000949   516 0001:0000094c   517 0001:0000094e   518 0001:00000950
   519 0001:00000952   520 0001:00000953   521 0001:00000954   523 0001:00000959
   524 0001:0000095b   525 0001:0000095d   526 0001:0000095e   527 0001:0000095f
   528 0001:00000965   529 0001:00000969   530 0001:0000096b   533 0001:0000096f
   534 0001:00000972   535 0001:00000973   536 0001:00000977   537 0001:0000097b
