 first

 Timestamp is 3fef2088 (Sun Dec 28 23:57:20 2003)

 Preferred load address is 00400000

 Start         Length     Name                   Class
 0001:00000000 00000052H .text                   CODE
 0002:00000000 00000014H .idata$5                DATA
 0002:00000014 00000060H .rdata                  DATA
 0002:00000074 00000028H .idata$2                DATA
 0002:0000009c 00000014H .idata$3                DATA
 0002:000000b0 00000014H .idata$4                DATA
 0002:000000c4 00000046H .idata$6                DATA
 0002:0000010a 00000000H .edata                  DATA
 0003:00000000 0000000dH .data                   DATA
 0003:00000010 00000008H .bss                    DATA

  Address         Publics by Value              Rva+Base     Lib:Object

 0001:00000000       _start                     00401000 f   first.obj
 0001:00000040       _GetStdHandle@4            00401040 f   kernel32:kernel32.dll
 0001:00000046       _WriteConsoleA@20          00401046 f   kernel32:kernel32.dll
 0001:0000004c       _wsprintfA                 0040104c f   user32:user32.dll
 0002:00000000       __imp__WriteConsoleA@20    00402000     kernel32:kernel32.dll
 0002:00000004       __imp__GetStdHandle@4      00402004     kernel32:kernel32.dll
 0002:00000008       \177kernel32_NULL_THUNK_DATA 00402008     kernel32:kernel32.dll
 0002:0000000c       __imp__wsprintfA           0040200c     user32:user32.dll
 0002:00000010       \177user32_NULL_THUNK_DATA 00402010     user32:user32.dll
 0002:00000074       __IMPORT_DESCRIPTOR_kernel32 00402074     kernel32:kernel32.dll
 0002:00000088       __IMPORT_DESCRIPTOR_user32 00402088     user32:user32.dll
 0002:0000009c       __NULL_IMPORT_DESCRIPTOR   0040209c     kernel32:kernel32.dll

 entry point at        0001:00000000

 Static symbols

 0001:00000000       _$$$00001@0                00401000 f   first.obj

Line numbers for H:\programs\WIN32ASM\console\first.obj(H:\programs\WIN32ASM\console\first.asm) segment .text

    30 0001:00000000    31 0001:00000007    33 0001:0000000c    35 0001:00000025
    38 0001:0000003e
