 hostip

 Timestamp is 3ff03bfa (Mon Dec 29 20:06:42 2003)

 Preferred load address is 00400000

 Start         Length     Name                   Class
 0001:00000000 000001b2H .text                   CODE
 0002:00000000 00000034H .idata$5                DATA
 0002:00000034 000000a4H .rdata                  DATA
 0002:000000d8 00000050H .idata$2                DATA
 0002:00000128 00000014H .idata$3                DATA
 0002:0000013c 00000034H .idata$4                DATA
 0002:00000170 000000a2H .idata$6                DATA
 0002:00000212 00000000H .edata                  DATA
 0003:00000000 000001ccH .data                   DATA

  Address         Publics by Value              Rva+Base     Lib:Object

 0001:00000000       _start                     00401000 f   hostip.obj
 0001:00000029       _main@8                    00401029 f   hostip.obj
 0001:000000e0       _ExitProcess@4             004010e0 f   kernel32:kernel32.dll
 0001:000000e6       _wsprintfA                 004010e6 f   user32:user32.dll
 0001:000000ec       _MessageBoxA@16            004010ec f   user32:user32.dll
 0001:000000f2       ___GetMainArgs             004010f2 f   crtlib:crtdll.dll
 0001:000000f8       _dw2hex@8                  004010f8 f   masm32:DW2HEX.obj
 0001:00000124       _StdOut@4                  00401124 f   masm32:STDOUT.obj
 0001:0000015c       _StrLen@4                  0040115c f   masm32:STRLEN.obj
 0001:00000194       _WSACleanup@0              00401194 f   wsock32:wsock32.dll
 0001:0000019a       _WSAStartup@8              0040119a f   wsock32:wsock32.dll
 0001:000001a0       _gethostbyname@4           004011a0 f   wsock32:wsock32.dll
 0001:000001a6       _GetStdHandle@4            004011a6 f   kernel32:kernel32.dll
 0001:000001ac       _WriteFile@20              004011ac f   kernel32:kernel32.dll
 0002:00000000       __imp____GetMainArgs       00402000     crtlib:crtdll.dll
 0002:00000004       \177crtdll_NULL_THUNK_DATA 00402004     crtlib:crtdll.dll
 0002:00000008       __imp__ExitProcess@4       00402008     kernel32:kernel32.dll
 0002:0000000c       __imp__WriteFile@20        0040200c     kernel32:kernel32.dll
 0002:00000010       __imp__GetStdHandle@4      00402010     kernel32:kernel32.dll
 0002:00000014       \177kernel32_NULL_THUNK_DATA 00402014     kernel32:kernel32.dll
 0002:00000018       __imp__MessageBoxA@16      00402018     user32:user32.dll
 0002:0000001c       __imp__wsprintfA           0040201c     user32:user32.dll
 0002:00000020       \177user32_NULL_THUNK_DATA 00402020     user32:user32.dll
 0002:00000024       __imp__gethostbyname@4     00402024     wsock32:wsock32.dll
 0002:00000028       __imp__WSAStartup@8        00402028     wsock32:wsock32.dll
 0002:0000002c       __imp__WSACleanup@0        0040202c     wsock32:wsock32.dll
 0002:00000030       \177wsock32_NULL_THUNK_DATA 00402030     wsock32:wsock32.dll
 0002:000000d8       __IMPORT_DESCRIPTOR_kernel32 004020d8     kernel32:kernel32.dll
 0002:000000ec       __IMPORT_DESCRIPTOR_user32 004020ec     user32:user32.dll
 0002:00000100       __IMPORT_DESCRIPTOR_crtdll 00402100     crtlib:crtdll.dll
 0002:00000114       __IMPORT_DESCRIPTOR_wsock32 00402114     wsock32:wsock32.dll
 0002:00000128       __NULL_IMPORT_DESCRIPTOR   00402128     kernel32:kernel32.dll

 entry point at        0001:00000000

 Static symbols

 0001:00000000       _$$$00001@0                00401000 f   hostip.obj
 0001:00000040       @C0001                     00401040 f   hostip.obj
 0001:0000006f       @C0003                     0040106f f   hostip.obj
 0001:0000008f       @C0005                     0040108f f   hostip.obj
 0001:000000d7       exit                       004010d7 f   hostip.obj

Line numbers for H:\programs\WIN32ASM\console\hostip.obj(H:\programs\WIN32ASM\console\hostip.asm) segment .text

    35 0001:00000000    36 0001:00000003    37 0001:00000006    38 0001:0000000a
    39 0001:0000000e    40 0001:0000001b    41 0001:0000001e    42 0001:00000023
    44 0001:00000029    45 0001:0000002c    46 0001:00000032    47 0001:0000003c
    51 0001:00000040    52 0001:00000050    53 0001:0000005a    54 0001:0000006d
    58 0001:0000006f    59 0001:00000072    60 0001:00000075    62 0001:00000077
    63 0001:0000007d    64 0001:00000081    65 0001:0000008b    68 0001:0000008f
    71 0001:00000091    72 0001:00000098    73 0001:000000a0    74 0001:000000b0
    75 0001:000000ba    76 0001:000000ca    78 0001:000000d4    84 0001:000000d7
    85 0001:000000dc
