 pemap

 Timestamp is 3ff016b6 (Mon Dec 29 17:27:42 2003)

 Preferred load address is 00400000

 Start         Length     Name                   Class
 0001:00000000 000003b8H .text                   CODE
 0002:00000000 00000034H .idata$5                DATA
 0002:00000034 0000019bH .rdata                  DATA
 0002:000001d0 0000003cH .idata$2                DATA
 0002:0000020c 00000014H .idata$3                DATA
 0002:00000220 00000034H .idata$4                DATA
 0002:00000254 000000b0H .idata$6                DATA
 0002:00000304 00000000H .edata                  DATA
 0003:00000000 00000008H .data                   DATA
 0003:00000008 000000c7H .bss                    DATA

  Address         Publics by Value              Rva+Base     Lib:Object

 0001:00000000       _start                     00401000 f   pemap.obj
 0001:00000029       _main@8                    00401029 f   pemap.obj
 0001:000001ef       _printhex@4                004011ef f   pemap.obj
 0001:0000021a       _printbyte@12              0040121a f   pemap.obj
 0001:00000291       _hexit@12                  00401291 f   pemap.obj
 0001:000002de       _CloseHandle@4             004012de f   kernel32:kernel32.dll
 0001:000002e4       _CreateFileA@28            004012e4 f   kernel32:kernel32.dll
 0001:000002ea       _CreateFileMappingA@24     004012ea f   kernel32:kernel32.dll
 0001:000002f0       _ExitProcess@4             004012f0 f   kernel32:kernel32.dll
 0001:000002f6       _MapViewOfFile@20          004012f6 f   kernel32:kernel32.dll
 0001:000002fc       _UnmapViewOfFile@4         004012fc f   kernel32:kernel32.dll
 0001:00000302       _wsprintfA                 00401302 f   user32:user32.dll
 0001:00000308       ___GetMainArgs             00401308 f   crtlib:crtdll.dll
 0001:00000310       _dw2hex@8                  00401310 f   masm32:DW2HEX.obj
 0001:0000033c       _StdOut@4                  0040133c f   masm32:STDOUT.obj
 0001:00000374       _StrLen@4                  00401374 f   masm32:STRLEN.obj
 0001:000003ac       _GetStdHandle@4            004013ac f   kernel32:kernel32.dll
 0001:000003b2       _WriteFile@20              004013b2 f   kernel32:kernel32.dll
 0002:00000000       __imp____GetMainArgs       00402000     crtlib:crtdll.dll
 0002:00000004       \177crtdll_NULL_THUNK_DATA 00402004     crtlib:crtdll.dll
 0002:00000008       __imp__ExitProcess@4       00402008     kernel32:kernel32.dll
 0002:0000000c       __imp__MapViewOfFile@20    0040200c     kernel32:kernel32.dll
 0002:00000010       __imp__UnmapViewOfFile@4   00402010     kernel32:kernel32.dll
 0002:00000014       __imp__CloseHandle@4       00402014     kernel32:kernel32.dll
 0002:00000018       __imp__CreateFileMappingA@24 00402018     kernel32:kernel32.dll
 0002:0000001c       __imp__CreateFileA@28      0040201c     kernel32:kernel32.dll
 0002:00000020       __imp__GetStdHandle@4      00402020     kernel32:kernel32.dll
 0002:00000024       __imp__WriteFile@20        00402024     kernel32:kernel32.dll
 0002:00000028       \177kernel32_NULL_THUNK_DATA 00402028     kernel32:kernel32.dll
 0002:0000002c       __imp__wsprintfA           0040202c     user32:user32.dll
 0002:00000030       \177user32_NULL_THUNK_DATA 00402030     user32:user32.dll
 0002:000001d0       __IMPORT_DESCRIPTOR_kernel32 004021d0     kernel32:kernel32.dll
 0002:000001e4       __IMPORT_DESCRIPTOR_user32 004021e4     user32:user32.dll
 0002:000001f8       __IMPORT_DESCRIPTOR_crtdll 004021f8     crtlib:crtdll.dll
 0002:0000020c       __NULL_IMPORT_DESCRIPTOR   0040220c     kernel32:kernel32.dll

 entry point at        0001:00000000

 Static symbols

 0001:00000000       _$$$00001@0                00401000 f   pemap.obj
 0001:00000232       @C0010                     00401232 f   pemap.obj
 0001:00000248       @C0012                     00401248 f   pemap.obj
 0001:0000026b       @C0011                     0040126b f   pemap.obj
 0001:00000275       @C0013                     00401275 f   pemap.obj
 0001:00000282       @C000F                     00401282 f   pemap.obj
 0001:00000048       @C0001                     00401048 f   pemap.obj
 0001:0000007d       @C0003                     0040107d f   pemap.obj
 0001:000000cd       @C0005                     004010cd f   pemap.obj
 0001:0000011b       @C0007                     0040111b f   pemap.obj
 0001:0000013f       @C000B                     0040113f f   pemap.obj
 0001:0000016c       @C0009                     0040116c f   pemap.obj
 0001:00000197       @C000E                     00401197 f   pemap.obj
 0001:00000197       @C000D                     00401197 f   pemap.obj
 0001:000002a7       @C0017                     004012a7 f   pemap.obj
 0001:000002ad       @C0016                     004012ad f   pemap.obj
 0001:000002b6       @C001A                     004012b6 f   pemap.obj
 0001:000002c4       @C001B                     004012c4 f   pemap.obj
 0001:000002c8       @C001D                     004012c8 f   pemap.obj
 0001:000002cc       @C0019                     004012cc f   pemap.obj

Line numbers for H:\programs\WIN32ASM\console\pemap.obj(H:\programs\WIN32ASM\console\pemap.asm) segment .text

    64 0001:00000000    65 0001:00000003    66 0001:00000006    67 0001:0000000a
    68 0001:0000000e    69 0001:0000001b    70 0001:0000001e    71 0001:00000023
    73 0001:00000029    80 0001:0000002f    81 0001:00000032    82 0001:00000037
    83 0001:00000041    85 0001:00000048    86 0001:0000004b    88 0001:0000004e
    89 0001:00000067    90 0001:0000006c    91 0001:00000076    93 0001:0000007d
    94 0001:00000082    95 0001:00000097    96 0001:0000009b    97 0001:000000bc
    98 0001:000000c6   100 0001:000000cd   101 0001:000000d2   102 0001:000000e5
   103 0001:000000e9   104 0001:000000f3   105 0001:00000114   108 0001:0000011b
   109 0001:00000120   111 0001:00000126   112 0001:0000012d   113 0001:0000012f
   114 0001:00000133   116 0001:00000135   117 0001:0000013d   118 0001:0000013f
   119 0001:00000149   121 0001:0000016a   122 0001:0000016c   123 0001:00000176
   126 0001:00000197   128 0001:0000019d   129 0001:000001a0   131 0001:000001a6
   134 0001:000001ac   135 0001:000001b2   136 0001:000001b8   137 0001:000001ba
   138 0001:000001c0   142 0001:000001ca   144 0001:000001eb   148 0001:000001ef
   150 0001:000001fb   151 0001:00000207   152 0001:00000210   156 0001:0000021a
   158 0001:00000226   159 0001:0000022a   160 0001:0000022d   161 0001:00000230
   162 0001:00000232   163 0001:00000238   164 0001:00000242   165 0001:00000244
   166 0001:00000246   167 0001:00000248   168 0001:0000024a   169 0001:00000256
   170 0001:0000025f   171 0001:00000269   172 0001:0000026a   173 0001:0000026b
   174 0001:00000275   175 0001:00000278   176 0001:00000282   177 0001:00000287
   182 0001:00000291   183 0001:00000299   184 0001:0000029c   185 0001:0000029e
   186 0001:000002a0   187 0001:000002a2   188 0001:000002a5   189 0001:000002a7
   190 0001:000002a9   191 0001:000002ab   192 0001:000002ac   193 0001:000002ad
   195 0001:000002b2   196 0001:000002b4   197 0001:000002b6   198 0001:000002b7
   199 0001:000002b8   200 0001:000002be   201 0001:000002c2   202 0001:000002c4
   205 0001:000002c8   206 0001:000002cb   207 0001:000002cc   208 0001:000002d0
   209 0001:000002d4
