 second

 Timestamp is 3fef2385 (Mon Dec 29 00:10:05 2003)

 Preferred load address is 00400000

 Start         Length     Name                   Class
 0001:00000000 00000064H .text                   CODE
 0002:00000000 0000001cH .idata$5                DATA
 0002:0000001c 00000058H .rdata                  DATA
 0002:00000074 0000003cH .idata$2                DATA
 0002:000000b0 00000014H .idata$3                DATA
 0002:000000c4 0000001cH .idata$4                DATA
 0002:000000e0 00000052H .idata$6                DATA
 0002:00000132 00000000H .edata                  DATA
 0003:00000000 0000000dH .data                   DATA
 0003:00000010 00000008H .bss                    DATA

  Address         Publics by Value              Rva+Base     Lib:Object

 0001:00000000       _start                     00401000 f   second.obj
 0001:0000004c       _GetStdHandle@4            0040104c f   kernel32:kernel32.dll
 0001:00000052       _WriteConsoleA@20          00401052 f   kernel32:kernel32.dll
 0001:00000058       _wsprintfA                 00401058 f   user32:user32.dll
 0001:0000005e       _printf                    0040105e f   crtlib:crtdll.dll
 0002:00000000       __imp__printf              00402000     crtlib:crtdll.dll
 0002:00000004       \177crtdll_NULL_THUNK_DATA 00402004     crtlib:crtdll.dll
 0002:00000008       __imp__WriteConsoleA@20    00402008     kernel32:kernel32.dll
 0002:0000000c       __imp__GetStdHandle@4      0040200c     kernel32:kernel32.dll
 0002:00000010       \177kernel32_NULL_THUNK_DATA 00402010     kernel32:kernel32.dll
 0002:00000014       __imp__wsprintfA           00402014     user32:user32.dll
 0002:00000018       \177user32_NULL_THUNK_DATA 00402018     user32:user32.dll
 0002:00000074       __IMPORT_DESCRIPTOR_kernel32 00402074     kernel32:kernel32.dll
 0002:00000088       __IMPORT_DESCRIPTOR_user32 00402088     user32:user32.dll
 0002:0000009c       __IMPORT_DESCRIPTOR_crtdll 0040209c     crtlib:crtdll.dll
 0002:000000b0       __NULL_IMPORT_DESCRIPTOR   004020b0     kernel32:kernel32.dll

 entry point at        0001:00000000

 Static symbols

 0001:00000000       _$$$00001@0                00401000 f   second.obj

Line numbers for H:\programs\WIN32ASM\console\second.obj(H:\programs\WIN32ASM\console\second.asm) segment .text

    32 0001:00000000    33 0001:00000007    35 0001:0000000c    37 0001:00000025
    40 0001:0000003e    41 0001:0000004b
