 template

 Timestamp is 3fef272f (Mon Dec 29 00:25:43 2003)

 Preferred load address is 00400000

 Start         Length     Name                   Class
 0001:00000000 00000046H .text                   CODE
 0002:00000000 00000018H .idata$5                DATA
 0002:00000018 0000005cH .rdata                  DATA
 0002:00000074 0000003cH .idata$2                DATA
 0002:000000b0 00000014H .idata$3                DATA
 0002:000000c4 00000018H .idata$4                DATA
 0002:000000dc 00000040H .idata$6                DATA
 0002:0000011c 00000000H .edata                  DATA

  Address         Publics by Value              Rva+Base     Lib:Object

 0001:00000000       _start                     00401000 f   template.obj
 0001:00000029       _main@8                    00401029 f   template.obj
 0001:00000034       _ExitProcess@4             00401034 f   kernel32:kernel32.dll
 0001:0000003a       _wsprintfA                 0040103a f   user32:user32.dll
 0001:00000040       ___GetMainArgs             00401040 f   crtlib:crtdll.dll
 0002:00000000       __imp____GetMainArgs       00402000     crtlib:crtdll.dll
 0002:00000004       \177crtdll_NULL_THUNK_DATA 00402004     crtlib:crtdll.dll
 0002:00000008       __imp__ExitProcess@4       00402008     kernel32:kernel32.dll
 0002:0000000c       \177kernel32_NULL_THUNK_DATA 0040200c     kernel32:kernel32.dll
 0002:00000010       __imp__wsprintfA           00402010     user32:user32.dll
 0002:00000014       \177user32_NULL_THUNK_DATA 00402014     user32:user32.dll
 0002:00000074       __IMPORT_DESCRIPTOR_kernel32 00402074     kernel32:kernel32.dll
 0002:00000088       __IMPORT_DESCRIPTOR_user32 00402088     user32:user32.dll
 0002:0000009c       __IMPORT_DESCRIPTOR_crtdll 0040209c     crtlib:crtdll.dll
 0002:000000b0       __NULL_IMPORT_DESCRIPTOR   004020b0     kernel32:kernel32.dll

 entry point at        0001:00000000

 Static symbols

 0001:00000000       _$$$00001@0                00401000 f   template.obj

Line numbers for H:\programs\WIN32ASM\console\template.obj(H:\programs\WIN32ASM\console\template.asm) segment .text

    23 0001:00000000    24 0001:00000003    25 0001:00000006    26 0001:0000000a
    27 0001:0000000e    28 0001:0000001b    29 0001:0000001e    30 0001:00000023
    32 0001:00000029    35 0001:0000002f
