 editkg

 Timestamp is 3f7b33df (Thu Oct 02 01:36:55 2003)

 Preferred load address is 00400000

 Start         Length     Name                   Class
 0001:00000000 000002d2H .text                   CODE
 0002:00000000 00000028H .idata$5                DATA
 0002:00000028 000000b4H .rdata                  DATA
 0002:000000dc 00000028H .idata$2                DATA
 0002:00000104 00000014H .idata$3                DATA
 0002:00000118 00000028H .idata$4                DATA
 0002:00000140 00000096H .idata$6                DATA
 0002:000001d6 00000000H .edata                  DATA
 0003:00000000 0000024aH .data                   DATA
 0003:0000024c 00000004H .bss                    DATA
 0004:00000000 000000acH .rsrc$01                DATA
 0004:000000b0 000002e8H .rsrc$02                DATA

  Address         Publics by Value              Rva+Base     Lib:Object

 0001:00000000       _start                     00401000 f   editkg.obj
 0001:0000002c       _dlgproc@16                0040102c f   editkg.obj
 0001:0000012d       _abtdlgproc@16             0040112d f   editkg.obj
 0001:00000160       _getit@0                   00401160 f   editkg.obj
 0001:000001e2       _cal1@0                    004011e2 f   editkg.obj
 0001:00000218       _cal2@0                    00401218 f   editkg.obj
 0001:00000259       _dw2hex@8                  00401259 f   editkg.obj
 0001:000002a2       _wsprintfA                 004012a2 f   user32:user32.dll
 0001:000002a8       _DialogBoxParamA@20        004012a8 f   user32:user32.dll
 0001:000002ae       _EndDialog@8               004012ae f   user32:user32.dll
 0001:000002b4       _GetDlgItemTextA@16        004012b4 f   user32:user32.dll
 0001:000002ba       _SetDlgItemTextA@12        004012ba f   user32:user32.dll
 0001:000002c0       _ExitProcess@4             004012c0 f   kernel32:kernel32.dll
 0001:000002c6       _GetModuleHandleA@4        004012c6 f   kernel32:kernel32.dll
 0001:000002cc       _lstrlenA@4                004012cc f   kernel32:kernel32.dll
 0002:00000000       __imp__GetModuleHandleA@4  00402000     kernel32:kernel32.dll
 0002:00000004       __imp__ExitProcess@4       00402004     kernel32:kernel32.dll
 0002:00000008       __imp__lstrlenA@4          00402008     kernel32:kernel32.dll
 0002:0000000c       \177kernel32_NULL_THUNK_DATA 0040200c     kernel32:kernel32.dll
 0002:00000010       __imp__wsprintfA           00402010     user32:user32.dll
 0002:00000014       __imp__GetDlgItemTextA@16  00402014     user32:user32.dll
 0002:00000018       __imp__EndDialog@8         00402018     user32:user32.dll
 0002:0000001c       __imp__DialogBoxParamA@20  0040201c     user32:user32.dll
 0002:00000020       __imp__SetDlgItemTextA@12  00402020     user32:user32.dll
 0002:00000024       \177user32_NULL_THUNK_DATA 00402024     user32:user32.dll
 0002:000000dc       __IMPORT_DESCRIPTOR_user32 004020dc     user32:user32.dll
 0002:000000f0       __IMPORT_DESCRIPTOR_kernel32 004020f0     kernel32:kernel32.dll
 0002:00000104       __NULL_IMPORT_DESCRIPTOR   00402104     user32:user32.dll

 entry point at        0001:00000000

 Static symbols

 0001:00000000       _$$$00001@0                00401000 f   editkg.obj
 0001:000001e9       loc_0_46B617               004011e9 f   editkg.obj
 0001:000001f3       loc_0_46B621               004011f3 f   editkg.obj
 0001:000001fa       loc_0_46B628               004011fa f   editkg.obj
 0001:0000022d       loopcal                    0040122d f   editkg.obj
 0001:00000252       loc_0_46B68A               00401252 f   editkg.obj
 0001:0000014e       @C0014                     0040114e f   editkg.obj
 0001:00000157       @C0018                     00401157 f   editkg.obj
 0001:00000157       @C0016                     00401157 f   editkg.obj
 0001:00000060       @C0001                     00401060 f   editkg.obj
 0001:000000c2       @C000A                     004010c2 f   editkg.obj
 0001:000000e5       @C000C                     004010e5 f   editkg.obj
 0001:000000e7       @C0006                     004010e7 f   editkg.obj
 0001:00000109       @C000E                     00401109 f   editkg.obj
 0001:0000011b       @C0004                     0040111b f   editkg.obj
 0001:00000124       @C0013                     00401124 f   editkg.obj
 0001:00000124       @C0003                     00401124 f   editkg.obj
 0001:00000124       @C0011                     00401124 f   editkg.obj
 0001:00000124       @C0010                     00401124 f   editkg.obj
 0001:00000124       @C000D                     00401124 f   editkg.obj
 0001:00000124       @C0008                     00401124 f   editkg.obj
 0001:00000270       @@divide                   00401270 f   editkg.obj
 0001:0000027e       @@store                    0040127e f   editkg.obj
 0001:0000028b       @@char                     0040128b f   editkg.obj
 0001:0000028f       @@cont                     0040128f f   editkg.obj

Line numbers for E:\PROGRA~1\WIN32ASM\editkg.obj(E:\PROGRA~1\WIN32ASM\editkg.asm) segment .text

    39 0001:00000000    40 0001:00000007    41 0001:0000000c    42 0001:00000025
    44 0001:0000002c    45 0001:0000002f    46 0001:00000038    47 0001:00000047
    48 0001:0000004c    49 0001:0000005b    50 0001:0000006d    51 0001:00000070
    52 0001:00000076    53 0001:00000079    54 0001:00000083    55 0001:00000094
    56 0001:0000009e    57 0001:000000a2    58 0001:000000b1    59 0001:000000c0
    60 0001:000000c2    61 0001:000000c7    62 0001:000000d6    65 0001:000000e5
    66 0001:000000ed    67 0001:00000107    68 0001:0000010f    70 0001:00000119
    71 0001:0000011b    72 0001:00000120    74 0001:00000124    75 0001:00000129
    78 0001:0000012d    79 0001:00000130    80 0001:00000139    81 0001:0000013c
    82 0001:00000142    84 0001:0000014c    85 0001:0000014e    86 0001:00000153
    88 0001:00000157    89 0001:0000015c    92 0001:00000160    94 0001:00000165
    95 0001:0000016f    96 0001:00000171    98 0001:00000176    99 0001:00000177
   100 0001:00000178   101 0001:0000017a   103 0001:0000017f   104 0001:00000182
   105 0001:00000187   106 0001:00000189   109 0001:00000194   110 0001:00000199
   112 0001:0000019e   113 0001:000001a3   115 0001:000001a8   116 0001:000001aa
   117 0001:000001af   119 0001:000001b1   121 0001:000001b6   122 0001:000001b9
   124 0001:000001be   125 0001:000001c0   127 0001:000001cb   128 0001:000001d0
   129 0001:000001d5   130 0001:000001db   131 0001:000001e1   137 0001:000001e2
   139 0001:000001e4   142 0001:000001e9   143 0001:000001ee   145 0001:000001f3
   146 0001:000001f5   147 0001:000001f7   150 0001:000001fa   151 0001:000001fc
   152 0001:000001fe   153 0001:00000203   154 0001:00000209   155 0001:0000020b
   156 0001:0000020e   157 0001:0000020f   158 0001:00000215   159 0001:00000217
   164 0001:00000218   171 0001:0000021c   172 0001:00000220   173 0001:00000221
   174 0001:00000224   175 0001:00000226   176 0001:00000228   177 0001:0000022c
   179 0001:0000022d   180 0001:0000022f   181 0001:00000231   182 0001:00000233
   183 0001:00000239   184 0001:0000023b   185 0001:0000023d   186 0001:0000023f
   187 0001:00000247   188 0001:0000024a   189 0001:0000024b   190 0001:0000024d
   191 0001:0000024f   192 0001:00000250   193 0001:00000251   196 0001:00000252
   197 0001:00000257   198 0001:00000258   201 0001:00000259   202 0001:0000025c
   203 0001:0000025d   204 0001:0000025e   205 0001:0000025f   206 0001:00000260
   207 0001:00000261   209 0001:00000262   210 0001:00000265   211 0001:00000268
   212 0001:0000026b   213 0001:0000026e   215 0001:00000270   216 0001:00000272
   217 0001:00000275   218 0001:00000276   219 0001:00000278   220 0001:0000027c
   223 0001:0000027e   224 0001:0000027f   225 0001:00000283   226 0001:00000285
   227 0001:00000289   229 0001:0000028b   231 0001:0000028f   232 0001:00000291
   233 0001:00000293   234 0001:00000295   236 0001:00000297   237 0001:00000298
   238 0001:00000299   239 0001:0000029a   240 0001:0000029b   241 0001:0000029c
   242 0001:0000029d
