 EXPOSE

 Timestamp is 3f92ec76 (Mon Oct 20 01:26:38 2003)

 Preferred load address is 00400000

 Start         Length     Name                   Class
 0001:00000000 00000220H .text                   CODE
 0002:00000000 0000002cH .idata$5                DATA
 0002:0000002c 00000000H .rdata                  DATA
 0002:0000002c 00000028H .idata$2                DATA
 0002:00000054 00000014H .idata$3                DATA
 0002:00000068 0000002cH .idata$4                DATA
 0002:00000094 000000a4H .idata$6                DATA
 0002:00000138 00000000H .edata                  DATA
 0003:00000000 00000091H .data                   DATA
 0003:00000094 00000010H .bss                    DATA
 0004:00000000 0000006cH .rsrc$01                DATA
 0004:00000070 00000128H .rsrc$02                DATA

  Address         Publics by Value              Rva+Base     Lib:Object

 0001:00000000       _start                     00401000 f   EXPOSE.obj
 0001:00000031       _dlgproc@16                00401031 f   EXPOSE.obj
 0001:0000012a       _getit@0                   0040112a f   EXPOSE.obj
 0001:000001ea       _DialogBoxParamA@20        004011ea f   user32:user32.dll
 0001:000001f0       _EndDialog@8               004011f0 f   user32:user32.dll
 0001:000001f6       _GetDlgItemTextA@16        004011f6 f   user32:user32.dll
 0001:000001fc       _LoadIconA@8               004011fc f   user32:user32.dll
 0001:00000202       _MessageBoxA@16            00401202 f   user32:user32.dll
 0001:00000208       _SetDlgItemTextA@12        00401208 f   user32:user32.dll
 0001:0000020e       _ExitProcess@4             0040120e f   kernel32:kernel32.dll
 0001:00000214       _GetModuleHandleA@4        00401214 f   kernel32:kernel32.dll
 0001:0000021a       _lstrlenA@4                0040121a f   kernel32:kernel32.dll
 0002:00000000       __imp__lstrlenA@4          00402000     kernel32:kernel32.dll
 0002:00000004       __imp__ExitProcess@4       00402004     kernel32:kernel32.dll
 0002:00000008       __imp__GetModuleHandleA@4  00402008     kernel32:kernel32.dll
 0002:0000000c       \177kernel32_NULL_THUNK_DATA 0040200c     kernel32:kernel32.dll
 0002:00000010       __imp__DialogBoxParamA@20  00402010     user32:user32.dll
 0002:00000014       __imp__LoadIconA@8         00402014     user32:user32.dll
 0002:00000018       __imp__GetDlgItemTextA@16  00402018     user32:user32.dll
 0002:0000001c       __imp__EndDialog@8         0040201c     user32:user32.dll
 0002:00000020       __imp__MessageBoxA@16      00402020     user32:user32.dll
 0002:00000024       __imp__SetDlgItemTextA@12  00402024     user32:user32.dll
 0002:00000028       \177user32_NULL_THUNK_DATA 00402028     user32:user32.dll
 0002:0000002c       __IMPORT_DESCRIPTOR_user32 0040202c     user32:user32.dll
 0002:00000040       __IMPORT_DESCRIPTOR_kernel32 00402040     kernel32:kernel32.dll
 0002:00000054       __NULL_IMPORT_DESCRIPTOR   00402054     user32:user32.dll

 entry point at        0001:00000000

 Static symbols

 0001:00000000       _$$$00001@0                00401000 f   EXPOSE.obj
 0001:00000065       @C0001                     00401065 f   EXPOSE.obj
 0001:00000088       @C0004                     00401088 f   EXPOSE.obj
 0001:000000e2       @C000D                     004010e2 f   EXPOSE.obj
 0001:000000e4       @C0009                     004010e4 f   EXPOSE.obj
 0001:00000106       @C0010                     00401106 f   EXPOSE.obj
 0001:00000118       @C0007                     00401118 f   EXPOSE.obj
 0001:00000121       @C0015                     00401121 f   EXPOSE.obj
 0001:00000121       @C0006                     00401121 f   EXPOSE.obj
 0001:00000121       @C0003                     00401121 f   EXPOSE.obj
 0001:00000121       @C0013                     00401121 f   EXPOSE.obj
 0001:00000121       @C0012                     00401121 f   EXPOSE.obj
 0001:00000121       @C000F                     00401121 f   EXPOSE.obj
 0001:00000121       @C000B                     00401121 f   EXPOSE.obj
 0001:0000014f       caps                       0040114f f   EXPOSE.obj
 0001:00000157       cont3                      00401157 f   EXPOSE.obj
 0001:00000172       calc                       00401172 f   EXPOSE.obj
 0001:00000196       space                      00401196 f   EXPOSE.obj
 0001:000001a2       loop0                      004011a2 f   EXPOSE.obj
 0001:000001ac       loop1                      004011ac f   EXPOSE.obj
 0001:000001c7       loop2                      004011c7 f   EXPOSE.obj
 0001:000001d1       char                       004011d1 f   EXPOSE.obj
 0001:000001d3       cont                       004011d3 f   EXPOSE.obj

Line numbers for E:\PROGRA~1\WIN32ASM\crk\EXPOSE.obj(E:\PROGRA~1\WIN32ASM\crk\EXPOSE.asm) segment .text

    32 0001:00000000    33 0001:00000007    34 0001:0000000c    35 0001:00000025
    36 0001:0000002a    38 0001:00000031    39 0001:00000034    40 0001:0000003d
    41 0001:0000004c    42 0001:00000051    43 0001:00000060    44 0001:0000006e
    45 0001:0000007e    46 0001:00000083    47 0001:00000095    48 0001:00000098
    49 0001:0000009e    50 0001:000000a1    51 0001:000000a7    52 0001:000000b8
    53 0001:000000c2    54 0001:000000c6    55 0001:000000cb    56 0001:000000ce
    58 0001:000000d3    61 0001:000000e2    62 0001:000000ea    63 0001:00000104
    64 0001:0000010c    66 0001:00000116    67 0001:00000118    68 0001:0000011d
    70 0001:00000121    71 0001:00000126    75 0001:0000012a    77 0001:00000130
    78 0001:00000137    79 0001:00000138    80 0001:00000142    81 0001:00000147
    82 0001:00000149    84 0001:0000014f    85 0001:00000151    86 0001:00000153
    87 0001:00000155    89 0001:00000157    90 0001:00000159    91 0001:0000015a
    93 0001:0000015c    94 0001:0000015e    95 0001:00000160    96 0001:00000162
    97 0001:00000164    98 0001:00000166    99 0001:0000016d   102 0001:00000172
   103 0001:00000179   104 0001:0000017c   105 0001:0000017e   106 0001:00000181
   107 0001:00000183   108 0001:00000186   109 0001:00000189   110 0001:0000018c
   111 0001:0000018f   112 0001:00000191   113 0001:00000193   115 0001:00000196
   116 0001:00000197   117 0001:00000199   119 0001:0000019b   120 0001:0000019f
   122 0001:000001a2   123 0001:000001a8   125 0001:000001ac   126 0001:000001af
   127 0001:000001b2   128 0001:000001b4   129 0001:000001b6   130 0001:000001b8
   131 0001:000001ba   132 0001:000001be   134 0001:000001c0   135 0001:000001c4
   138 0001:000001c7   139 0001:000001c9   140 0001:000001cb   141 0001:000001cd
   142 0001:000001cf   144 0001:000001d1   146 0001:000001d3   147 0001:000001da
   148 0001:000001dc   149 0001:000001de   150 0001:000001e6   151 0001:000001e7
