 about

 Timestamp is 402f5815 (Sun Feb 15 16:59:25 2004)

 Preferred load address is 00400000

 Start         Length     Name                   Class
 0001:00000000 000000a6H .text                   CODE
 0002:00000000 00000020H .idata$5                DATA
 0002:00000020 0000005dH .rdata                  DATA
 0002:00000080 00000028H .idata$2                DATA
 0002:000000a8 00000014H .idata$3                DATA
 0002:000000bc 00000020H .idata$4                DATA
 0002:000000dc 00000076H .idata$6                DATA
 0002:00000152 00000000H .edata                  DATA
 0003:00000000 00000000H .data                   DATA
 0003:00000000 00000004H .bss                    DATA
 0004:00000000 0000006cH .rsrc$01                DATA
 0004:00000070 000000c0H .rsrc$02                DATA

  Address         Publics by Value              Rva+Base     Lib:Object

 0001:00000000       _start                     00401000 f   about.obj
 0001:0000002c       _dlgproc@16                0040102c f   about.obj
 0001:00000082       _wsprintfA                 00401082 f   user32:user32.dll
 0001:00000088       _DialogBoxParamA@20        00401088 f   user32:user32.dll
 0001:0000008e       _EndDialog@8               0040108e f   user32:user32.dll
 0001:00000094       _SendMessageA@16           00401094 f   user32:user32.dll
 0001:0000009a       _ExitProcess@4             0040109a f   kernel32:kernel32.dll
 0001:000000a0       _GetModuleHandleA@4        004010a0 f   kernel32:kernel32.dll
 0002:00000000       __imp__GetModuleHandleA@4  00402000     kernel32:kernel32.dll
 0002:00000004       __imp__ExitProcess@4       00402004     kernel32:kernel32.dll
 0002:00000008       \177kernel32_NULL_THUNK_DATA 00402008     kernel32:kernel32.dll
 0002:0000000c       __imp__SendMessageA@16     0040200c     user32:user32.dll
 0002:00000010       __imp__EndDialog@8         00402010     user32:user32.dll
 0002:00000014       __imp__DialogBoxParamA@20  00402014     user32:user32.dll
 0002:00000018       __imp__wsprintfA           00402018     user32:user32.dll
 0002:0000001c       \177user32_NULL_THUNK_DATA 0040201c     user32:user32.dll
 0002:00000080       __IMPORT_DESCRIPTOR_user32 00402080     user32:user32.dll
 0002:00000094       __IMPORT_DESCRIPTOR_kernel32 00402094     kernel32:kernel32.dll
 0002:000000a8       __NULL_IMPORT_DESCRIPTOR   004020a8     user32:user32.dll

 entry point at        0001:00000000

 Static symbols

 0001:00000000       _$$$00001@0                00401000 f   about.obj
 0001:0000003a       @C0001                     0040103a f   about.obj
 0001:0000005c       @C0006                     0040105c f   about.obj
 0001:0000005e       @C0004                     0040105e f   about.obj
 0001:00000070       @C000A                     00401070 f   about.obj
 0001:00000079       @C000C                     00401079 f   about.obj
 0001:00000079       @C0009                     00401079 f   about.obj
 0001:00000079       @C0003                     00401079 f   about.obj
 0001:00000079       @C0008                     00401079 f   about.obj

Line numbers for F:\programs\WIN32ASM\about.obj(F:\programs\WIN32ASM\about.asm) segment .text

    29 0001:00000000    30 0001:00000007    31 0001:0000000c    32 0001:00000025
    35 0001:0000002c    36 0001:0000002f    38 0001:00000038    39 0001:00000043
    40 0001:00000046    41 0001:0000004c    42 0001:0000005a    44 0001:0000005c
    45 0001:00000064    46 0001:0000006e    47 0001:00000070    48 0001:00000075
    50 0001:00000079    51 0001:0000007e
