 KEYLOG

 Timestamp is 3f0ef8ba (Fri Jul 11 23:19:46 2003)

 Preferred load address is 00400000

 Start         Length     Name                   Class
 0001:00000000 0000040aH .text                   CODE
 0002:00000000 00000084H .idata$5                DATA
 0002:00000084 000000bcH .rdata                  DATA
 0002:00000140 00000050H .idata$2                DATA
 0002:00000190 00000014H .idata$3                DATA
 0002:000001a4 00000084H .idata$4                DATA
 0002:00000228 000001e6H .idata$6                DATA
 0002:0000040e 00000000H .edata                  DATA
 0003:00000000 00000078H .data                   DATA
 0003:00000078 0000000cH .bss                    DATA
 0004:00000000 00000178H .rsrc$01                DATA
 0004:00000180 00000870H .rsrc$02                DATA

  Address         Publics by Value              Rva+Base     Lib:Object

 0001:00000000       _start                     00401000 f   KEYLOG.obj
 0001:00000027       _WinMain@16                00401027 f   KEYLOG.obj
 0001:00000196       _WndProc@16                00401196 f   KEYLOG.obj
 0001:0000035c       _Shell_NotifyIconA@8       0040135c f   shell32:shell32.dll
 0001:00000362       _wsprintfA                 00401362 f   user32:user32.dll
 0001:00000368       _AppendMenuA@16            00401368 f   user32:user32.dll
 0001:0000036e       _CreatePopupMenu@0         0040136e f   user32:user32.dll
 0001:00000374       _CreateWindowExA@48        00401374 f   user32:user32.dll
 0001:0000037a       _DefWindowProcA@16         0040137a f   user32:user32.dll
 0001:00000380       _DispatchMessageA@4        00401380 f   user32:user32.dll
 0001:00000386       _GetCursorPos@4            00401386 f   user32:user32.dll
 0001:0000038c       _GetMessageA@16            0040138c f   user32:user32.dll
 0001:00000392       _LoadCursorA@8             00401392 f   user32:user32.dll
 0001:00000398       _LoadIconA@8               00401398 f   user32:user32.dll
 0001:0000039e       _MessageBoxA@16            0040139e f   user32:user32.dll
 0001:000003a4       _PostQuitMessage@4         004013a4 f   user32:user32.dll
 0001:000003aa       _RegisterClassExA@4        004013aa f   user32:user32.dll
 0001:000003b0       _SendMessageA@16           004013b0 f   user32:user32.dll
 0001:000003b6       _SetTimer@16               004013b6 f   user32:user32.dll
 0001:000003bc       _ShowWindow@8              004013bc f   user32:user32.dll
 0001:000003c2       _TrackPopupMenu@28         004013c2 f   user32:user32.dll
 0001:000003c8       _TranslateMessage@4        004013c8 f   user32:user32.dll
 0001:000003ce       _ExitProcess@4             004013ce f   kernel32:kernel32.dll
 0001:000003d4       _FindFirstFileA@8          004013d4 f   kernel32:kernel32.dll
 0001:000003da       _GetModuleHandleA@4        004013da f   kernel32:kernel32.dll
 0001:000003e0       __lclose@4                 004013e0 f   kernel32:kernel32.dll
 0001:000003e6       __lcreat@8                 004013e6 f   kernel32:kernel32.dll
 0001:000003ec       __lopen@8                  004013ec f   kernel32:kernel32.dll
 0001:000003f2       __lwrite@12                004013f2 f   kernel32:kernel32.dll
 0001:000003f8       _lstrcpyA@8                004013f8 f   kernel32:kernel32.dll
 0001:000003fe       _installhook@4             004013fe f   kl:kl.dll
 0001:00000404       _removehook@0              00401404 f   kl:kl.dll
 0002:00000000       __imp___lwrite@12          00402000     kernel32:kernel32.dll
 0002:00000004       __imp___lopen@8            00402004     kernel32:kernel32.dll
 0002:00000008       __imp___lclose@4           00402008     kernel32:kernel32.dll
 0002:0000000c       __imp__lstrcpyA@8          0040200c     kernel32:kernel32.dll
 0002:00000010       __imp__FindFirstFileA@8    00402010     kernel32:kernel32.dll
 0002:00000014       __imp__ExitProcess@4       00402014     kernel32:kernel32.dll
 0002:00000018       __imp___lcreat@8           00402018     kernel32:kernel32.dll
 0002:0000001c       __imp__GetModuleHandleA@4  0040201c     kernel32:kernel32.dll
 0002:00000020       \177kernel32_NULL_THUNK_DATA 00402020     kernel32:kernel32.dll
 0002:00000024       __imp__installhook@4       00402024     kl:kl.dll
 0002:00000028       __imp__removehook@0        00402028     kl:kl.dll
 0002:0000002c       \177kl_NULL_THUNK_DATA     0040202c     kl:kl.dll
 0002:00000030       __imp__Shell_NotifyIconA@8 00402030     shell32:shell32.dll
 0002:00000034       \177shell32_NULL_THUNK_DATA 00402034     shell32:shell32.dll
 0002:00000038       __imp__LoadCursorA@8       00402038     user32:user32.dll
 0002:0000003c       __imp__SendMessageA@16     0040203c     user32:user32.dll
 0002:00000040       __imp__PostQuitMessage@4   00402040     user32:user32.dll
 0002:00000044       __imp__ShowWindow@8        00402044     user32:user32.dll
 0002:00000048       __imp__TrackPopupMenu@28   00402048     user32:user32.dll
 0002:0000004c       __imp__TranslateMessage@4  0040204c     user32:user32.dll
 0002:00000050       __imp__MessageBoxA@16      00402050     user32:user32.dll
 0002:00000054       __imp__LoadIconA@8         00402054     user32:user32.dll
 0002:00000058       __imp__RegisterClassExA@4  00402058     user32:user32.dll
 0002:0000005c       __imp__GetMessageA@16      0040205c     user32:user32.dll
 0002:00000060       __imp__GetCursorPos@4      00402060     user32:user32.dll
 0002:00000064       __imp__DispatchMessageA@4  00402064     user32:user32.dll
 0002:00000068       __imp__DefWindowProcA@16   00402068     user32:user32.dll
 0002:0000006c       __imp__CreateWindowExA@48  0040206c     user32:user32.dll
 0002:00000070       __imp__CreatePopupMenu@0   00402070     user32:user32.dll
 0002:00000074       __imp__AppendMenuA@16      00402074     user32:user32.dll
 0002:00000078       __imp__wsprintfA           00402078     user32:user32.dll
 0002:0000007c       __imp__SetTimer@16         0040207c     user32:user32.dll
 0002:00000080       \177user32_NULL_THUNK_DATA 00402080     user32:user32.dll
 0002:00000140       __IMPORT_DESCRIPTOR_shell32 00402140     shell32:shell32.dll
 0002:00000154       __IMPORT_DESCRIPTOR_user32 00402154     user32:user32.dll
 0002:00000168       __IMPORT_DESCRIPTOR_kernel32 00402168     kernel32:kernel32.dll
 0002:0000017c       __IMPORT_DESCRIPTOR_kl     0040217c     kl:kl.dll
 0002:00000190       __NULL_IMPORT_DESCRIPTOR   00402190     shell32:shell32.dll

 entry point at        0001:00000000

 Static symbols

 0001:00000000       _$$$00001@0                00401000 f   KEYLOG.obj
 0001:00000168       @C0001                     00401168 f   KEYLOG.obj
 0001:0000018f       @C0002                     0040118f f   KEYLOG.obj
 0001:000001cd       @C0005                     004011cd f   KEYLOG.obj
 0001:0000021c       @C000A                     0040121c f   KEYLOG.obj
 0001:00000232       @C0008                     00401232 f   KEYLOG.obj
 0001:00000270       @C000E                     00401270 f   KEYLOG.obj
 0001:00000295       @C0015                     00401295 f   KEYLOG.obj
 0001:000002b7       @C0013                     004012b7 f   KEYLOG.obj
 0001:0000031d       @C001B                     0040131d f   KEYLOG.obj
 0001:00000340       @C0021                     00401340 f   KEYLOG.obj
 0001:00000355       @C0023                     00401355 f   KEYLOG.obj
 0001:00000355       @C0020                     00401355 f   KEYLOG.obj
 0001:00000355       @C001A                     00401355 f   KEYLOG.obj
 0001:00000355       @C0012                     00401355 f   KEYLOG.obj
 0001:00000355       @C000D                     00401355 f   KEYLOG.obj
 0001:00000355       @C0007                     00401355 f   KEYLOG.obj
 0001:00000355       @C000C                     00401355 f   KEYLOG.obj
 0001:00000355       @C0010                     00401355 f   KEYLOG.obj
 0001:00000355       @C0018                     00401355 f   KEYLOG.obj
 0001:00000355       @C0017                     00401355 f   KEYLOG.obj
 0001:00000355       @C001D                     00401355 f   KEYLOG.obj
