 kl

 Timestamp is 3fc7a2a8 (Sat Nov 29 01:01:52 2003)

 Preferred load address is 10000000

 Start         Length     Name                   Class
 0001:00000000 000000b8H .text                   CODE
 0002:00000000 00000008H .bss                    DATA
 0003:00000000 00000018H .idata$5                DATA
 0003:00000018 0000005cH .rdata                  DATA
 0003:00000074 00000014H .idata$2                DATA
 0003:00000088 00000014H .idata$3                DATA
 0003:0000009c 00000018H .idata$4                DATA
 0003:000000b4 00000064H .idata$6                DATA
 0003:00000120 0000006cH .edata                  DATA
 0004:00000000 00000004H .data                   DATA

  Address         Publics by Value              Rva+Base     Lib:Object

 0001:00000000       _DllEntry@12               10001000 f   ac.obj
 0001:0000002d       _installhook@4             1000102d f   ac.obj
 0001:00000057       _removehook@0              10001057 f   ac.obj
 0001:00000063       _keyproc@12                10001063 f   ac.obj
 0001:0000009a       _wsprintfA                 1000109a f   user32:user32.dll
 0001:000000a0       _CallNextHookEx@16         100010a0 f   user32:user32.dll
 0001:000000a6       _SendMessageA@16           100010a6 f   user32:user32.dll
 0001:000000ac       _SetWindowsHookExA@16      100010ac f   user32:user32.dll
 0001:000000b2       _UnhookWindowsHookEx@4     100010b2 f   user32:user32.dll
 0003:00000000       __imp__CallNextHookEx@16   10003000     user32:user32.dll
 0003:00000004       __imp__SendMessageA@16     10003004     user32:user32.dll
 0003:00000008       __imp__SetWindowsHookExA@16 10003008     user32:user32.dll
 0003:0000000c       __imp__UnhookWindowsHookEx@4 1000300c     user32:user32.dll
 0003:00000010       __imp__wsprintfA           10003010     user32:user32.dll
 0003:00000014       \177user32_NULL_THUNK_DATA 10003014     user32:user32.dll
 0003:00000074       __IMPORT_DESCRIPTOR_user32 10003074     user32:user32.dll
 0003:00000088       __NULL_IMPORT_DESCRIPTOR   10003088     user32:user32.dll

 entry point at        0001:00000000

 Static symbols

 0001:00000082       @C000A                     10001082 f   ac.obj
 0001:00000019       @C0001                     10001019 f   ac.obj
 0001:00000021       @C0004                     10001021 f   ac.obj
 0001:00000029       @C0007                     10001029 f   ac.obj
 0001:00000029       @C0009                     10001029 f   ac.obj
 0001:00000029       @C0006                     10001029 f   ac.obj
 0001:00000029       @C0003                     10001029 f   ac.obj

Line numbers for E:\programs\WIN32ASM\arcade\ac.obj(E:\programs\WIN32ASM\arcade\ac.asm) segment .text

    22 0001:00000000    23 0001:00000003    24 0001:00000008    25 0001:0000000e
    26 0001:00000017    28 0001:0000001f    30 0001:00000027    33 0001:00000029
    37 0001:0000002d    38 0001:00000030    39 0001:00000039    40 0001:0000003e
    41 0001:0000004e    42 0001:00000053    45 0001:00000057    47 0001:00000062
    50 0001:00000063    52 0001:00000066    53 0001:0000006c    55 0001:00000082
    56 0001:00000096
