
 Start  Stop   Length Name               Class

 00000H 00129H 0012AH _TEXT              CODE
 0012AH 00133H 0000AH _DATA              DATA


Detailed map of segments

 0000:0000 012A C=CODE   S=_TEXT          G=(none)   M=D:\PROGRA~2\ASSEMBLY\LIBS\STR.ASM ACBP=48
 0012:000A 000A C=DATA   S=_DATA          G=DGROUP  M=D:\PROGRA~2\ASSEMBLY\LIBS\STR.ASM ACBP=48

Line numbers for d:\progra~2\assembly\libs\str.obj(D:\PROGRA~2\ASSEMBLY\LIBS\STR.ASM) segment _TEXT

     9 0000:00000000    10 0000:00000003    12 0000:00000005    13 0000:00000008
    14 0000:0000000B    15 0000:0000000E    16 0000:00000011    23 0000:00000014
    24 0000:00000017    32 0000:00000019    33 0000:0000001A    35 0000:0000001B
    36 0000:0000001D    37 0000:00000020    38 0000:00000021    39 0000:00000023
    40 0000:00000025    42 0000:00000026    43 0000:00000027    44 0000:00000028
    58 0000:00000029    59 0000:0000002A    60 0000:0000002B    61 0000:0000002C
    62 0000:0000002D    63 0000:00000030    64 0000:00000032    65 0000:00000033
    67 0000:00000035    68 0000:00000036    69 0000:00000038    70 0000:0000003A
    71 0000:0000003C    72 0000:0000003E    74 0000:00000040    75 0000:00000041
    77 0000:00000043    78 0000:00000044    79 0000:00000045    80 0000:00000046
    81 0000:00000047    98 0000:00000048    99 0000:0000004B   100 0000:0000004D
   101 0000:00000050   103 0000:00000051   104 0000:00000054   120 0000:00000055
   121 0000:00000058   122 0000:0000005A   124 0000:0000005D   125 0000:00000060
   126 0000:00000063   128 0000:00000065   129 0000:00000067   131 0000:00000069
   132 0000:0000006A   155 0000:0000006B   156 0000:0000006C   157 0000:0000006D
   161 0000:0000006E   162 0000:00000070   164 0000:00000072   165 0000:00000074
   166 0000:00000076   167 0000:00000079   168 0000:0000007A   169 0000:0000007B
   171 0000:0000007D   172 0000:0000007E   173 0000:00000080   174 0000:00000082
   175 0000:00000084   176 0000:00000086   178 0000:00000087   179 0000:00000088
   180 0000:00000089   182 0000:0000008B   183 0000:0000008E   184 0000:0000008F
   185 0000:00000090   187 0000:00000091   206 0000:00000092   207 0000:00000093
   208 0000:00000096   209 0000:00000099   210 0000:0000009A   224 0000:0000009B
   225 0000:0000009C   226 0000:0000009F   227 0000:000000A2   228 0000:000000A3
   242 0000:000000A4   243 0000:000000A5   244 0000:000000A6   245 0000:000000A9
   246 0000:000000AB   247 0000:000000AD   248 0000:000000B0   250 0000:000000B1
   251 0000:000000B4   252 0000:000000B7   253 0000:000000B8   254 0000:000000B9
   268 0000:000000BA   269 0000:000000BB   270 0000:000000BE   271 0000:000000C1
   272 0000:000000C2   290 0000:000000C3   291 0000:000000C6   292 0000:000000C9
   293 0000:000000CC   294 0000:000000CE   295 0000:000000D1   296 0000:000000D4
   297 0000:000000D6   298 0000:000000D9   299 0000:000000DC   301 0000:000000DE
   303 0000:000000DF   323 0000:000000E0   325 0000:000000E3   326 0000:000000E5
   327 0000:000000E7   328 0000:000000E8   329 0000:000000EA   330 0000:000000ED
   331 0000:000000EF   332 0000:000000F0   333 0000:000000F1   334 0000:000000F3
   335 0000:000000F5   336 0000:000000F6   337 0000:000000F8   338 0000:000000F9
   340 0000:000000FB   362 0000:000000FC   363 0000:000000FD   364 0000:000000FE
   365 0000:000000FF   367 0000:00000100   368 0000:00000103   369 0000:00000106
   370 0000:00000108   371 0000:0000010A   372 0000:0000010C   373 0000:0000010E
   374 0000:00000111   375 0000:00000112   376 0000:00000114   378 0000:00000115
   379 0000:00000118   380 0000:0000011B   381 0000:0000011D   382 0000:0000011E
   383 0000:00000120   384 0000:00000122   386 0000:00000123   388 0000:00000125
   389 0000:00000126   390 0000:00000127   391 0000:00000128   392 0000:00000129
Program entry point at 0000:0000
Warning: No stack

